
> achariya-ambassador@0.1.0 build
> prisma generate && next build

Environment variables loaded from .env
Prisma schema loaded from prisma\schema.prisma

Γ£ö Generated Prisma Client (v5.22.0) to .\node_modules\@prisma\client in 280ms

Start by importing your Prisma Client (See: https://pris.ly/d/importing-client)

Tip: Curious about the SQL queries Prisma ORM generates? Optimize helps you enhance your visibility: https://pris.ly/tip-2-optimize

   Γû▓ Next.js 16.0.10 (Turbopack)
   - Environments: .env.production, .env
   - Experiments (use with caution):
     ┬╖ serverActions

 ΓÜá The "middleware" file convention is deprecated. Please use "proxy" instead. Learn more: https://nextjs.org/docs/messages/middleware-to-proxy
   Creating an optimized production build ...

> Build error occurred
Error: Turbopack build failed with 1 errors:
./src/components/finance/RegistrationTable.tsx:9:10
Ecmascript file had an error
   7 |
   8 | import { format } from 'date-fns'
>  9 | import { format } from 'date-fns'
     |          ^^^^^^
  10 | // PDF logic moved to dynamic import inside generateReceipt to fix Turbopack chunk errors
  11 | import { exportToCSV } from '@/lib/export-utils'
  12 | import { toast } from 'sonner'

the name `format` is defined multiple times

Import traces:
  Client Component Browser:
    ./src/components/finance/RegistrationTable.tsx [Client Component Browser]
    ./src/components/finance/FinanceClientTabs.tsx [Client Component Browser]
    ./src/components/finance/FinanceClientTabs.tsx [Server Component]
    ./src/app/(main)/finance/page.tsx [Server Component]

  Client Component SSR:
    ./src/components/finance/RegistrationTable.tsx [Client Component SSR]
    ./src/components/finance/FinanceClientTabs.tsx [Client Component SSR]
    ./src/components/finance/FinanceClientTabs.tsx [Server Component]
    ./src/app/(main)/finance/page.tsx [Server Component]


    at <unknown> (./src/components/finance/RegistrationTable.tsx:9:10)
