
> achariya-ambassador@0.1.0 build
> prisma generate && next build

Environment variables loaded from .env
Prisma schema loaded from prisma\schema.prisma
Error: 
EPERM: operation not permitted, rename 'F:\5 star\node_modules\.prisma\client\query_engine-windows.dll.node.tmp36996' -> 'F:\5 star\node_modules\.prisma\client\query_engine-windows.dll.node'


