Total Campuses: 42
[
  {
    "id": 135,
    "campusName": "CORPORATE"
  },
  {
    "id": 101,
    "campusName": "ABSM - THENGAITHITTU"
  },
  {
    "id": 120,
    "campusName": "ABSM - TRICHY"
  },
  {
    "id": 125,
    "campusName": "ABSM - KK NAGAR"
  },
  {
    "id": 100,
    "campusName": "ASM - VILLIANUR"
  },
  {
    "id": 102,
    "campusName": "AKLAVYA - THENGAITHITTU"
  },
  {
    "id": 103,
    "campusName": "SSV - VILLIANUR"
  },
  {
    "id": 137,
    "campusName": "SSV HSC- VILLIANUR"
  },
  {
    "id": 104,
    "campusName": "ASM - THAVALAKUPPAM"
  },
  {
    "id": 105,
    "campusName": "ASM - MOOLAKULAM"
  },
  {
    "id": 106,
    "campusName": "ASM - KARAIKAL"
  },
  {
    "id": 107,
    "campusName": "AWGI - ETTIMADAI"
  },
  {
    "id": 109,
    "campusName": "ASM - TRICHY"
  },
  {
    "id": 110,
    "campusName": "ABSM - TINDIVANAM"
  },
  {
    "id": 111,
    "campusName": "ASM - VILLUPURAM"
  },
  {
    "id": 112,
    "campusName": "AKLAVYA - REDDIYARPALAYAM"
  },
  {
    "id": 113,
    "campusName": "ASM - MUTHIRAPALAYAM"
  },
  {
    "id": 114,
    "campusName": "ABSM - GORIMEDU"
  },
  {
    "id": 115,
    "campusName": "ABSM - LAWSPET"
  },
  {
    "id": 116,
    "campusName": "ABSM - MUTHIYALPET"
  },
  {
    "id": 117,
    "campusName": "ABSM - KALAPET"
  },
  {
    "id": 118,
    "campusName": "ABSM - VENKATA NAGAR"
  },
  {
    "id": 121,
    "campusName": "ASM CC -  ERODE"
  },
  {
    "id": 122,
    "campusName": "ASM - PERUNDURAI"
  },
  {
    "id": 124,
    "campusName": "ABSM - ADYAR"
  },
  {
    "id": 126,
    "campusName": "ABSM - VARASALAVAKAM"
  },
  {
    "id": 127,
    "campusName": "ABSM - PADMANABHANAGAR"
  },
  {
    "id": 128,
    "campusName": "ABSM - DASARATHAPURAM"
  },
  {
    "id": 129,
    "campusName": "ABSM - SALIGRAMAM"
  },
  {
    "id": 130,
    "campusName": "ABSM - RK NAGAR"
  },
  {
    "id": 131,
    "campusName": "ABSM - ALAPAKKAM"
  },
  {
    "id": 132,
    "campusName": "ABSM - THIRU NAGAR"
  },
  {
    "id": 133,
    "campusName": "ABSM - MADURAVOYAL"
  },
  {
    "id": 134,
    "campusName": "ABSM - NOLAMBUR"
  },
  {
    "id": 139,
    "campusName": "ACET"
  },
  {
    "id": 141,
    "campusName": "ACCHM"
  },
  {
    "id": 108,
    "campusName": "AIIS - ERODE"
  },
  {
    "id": 136,
    "campusName": "ABSM PP - THENGAITHITTU"
  },
  {
    "id": 119,
    "campusName": "AKLAVYA - ANUGRAHA"
  },
  {
    "id": 138,
    "campusName": "ASM HSC - VILLIANUR"
  },
  {
    "id": 123,
    "campusName": "ASM - ALAPAKKAM"
  },
  {
    "id": 142,
    "campusName": "AASC"
  }
]
