#
# There is insufficient memory for the Java Runtime Environment to continue.
# Native memory allocation (malloc) failed to allocate 640416 bytes. Error detail: Chunk::new
# Possible reasons:
#   The system is out of physical RAM or swap space
#   This process is running with CompressedOops enabled, and the Java Heap may be blocking the growth of the native heap
# Possible solutions:
#   Reduce memory load on the system
#   Increase physical memory or swap space
#   Check if swap backing store is full
#   Decrease Java heap size (-Xmx/-Xms)
#   Decrease number of Java threads
#   Decrease Java thread stack sizes (-Xss)
#   Set larger code cache with -XX:ReservedCodeCacheSize=
#   JVM is running with Unscaled Compressed Oops mode in which the Java heap is
#     placed in the first 4GB address space. The Java Heap base address is the
#     maximum limit for the native heap growth. Please use -XX:HeapBaseMinAddress
#     to set the Java Heap base and to place the Java Heap above 4GB virtual address.
# This output file may be truncated or incomplete.
#
#  Out of Memory Error (arena.cpp:168), pid=40060, tid=9840
#
# JRE version: OpenJDK Runtime Environment Temurin-21.0.9+10 (21.0.9+10) (build 21.0.9+10-LTS)
# Java VM: OpenJDK 64-Bit Server VM Temurin-21.0.9+10 (21.0.9+10-LTS, mixed mode, sharing, tiered, compressed oops, compressed class ptrs, parallel gc, windows-amd64)
# No core dump will be written. Minidumps are not enabled by default on client versions of Windows
#

---------------  S U M M A R Y ------------

Command Line: --add-modules=ALL-SYSTEM --add-opens=java.base/java.util=ALL-UNNAMED --add-opens=java.base/java.lang=ALL-UNNAMED --add-opens=java.base/sun.nio.fs=ALL-UNNAMED -Declipse.application=org.eclipse.jdt.ls.core.id1 -Dosgi.bundles.defaultStartLevel=4 -Declipse.product=org.eclipse.jdt.ls.core.product -Djava.import.generatesMetadataFilesAtProjectRoot=false -DDetectVMInstallationsJob.disabled=true -Dfile.encoding=utf8 -XX:+UseParallelGC -XX:GCTimeRatio=4 -XX:AdaptiveSizePolicyWeight=90 -Dsun.zip.disableMemoryMapping=true -Xmx2G -Xms100m -Xlog:disable -javaagent:c:\Users\sraja\.antigravity\extensions\redhat.java-1.52.0-win32-x64\lombok\lombok-1.18.39-4050.jar -XX:+HeapDumpOnOutOfMemoryError -XX:HeapDumpPath=c:\Users\sraja\AppData\Roaming\Antigravity\User\workspaceStorage\803df240fb9edc68640fd9de25a6e12c\redhat.java -Daether.dependencyCollector.impl=bf c:\Users\sraja\.antigravity\extensions\redhat.java-1.52.0-win32-x64\server\plugins\org.eclipse.equinox.launcher_1.7.100.v20251111-0406.jar -configuration c:\Users\sraja\AppData\Roaming\Antigravity\User\globalStorage\redhat.java\1.52.0\config_win -data c:\Users\sraja\AppData\Roaming\Antigravity\User\workspaceStorage\803df240fb9edc68640fd9de25a6e12c\redhat.java\jdt_ws --pipe=\\.\pipe\lsp-6f508ee2948ca3b7320a338428bce945-sock

Host: AMD Ryzen 7 7435HS                             , 16 cores, 15G,  Windows 11 , 64 bit Build 26100 (10.0.26100.7623)
Time: Tue Feb  3 14:14:33 2026 India Standard Time elapsed time: 23.160766 seconds (0d 0h 0m 23s)

---------------  T H R E A D  ---------------

Current thread (0x000001bd5933e620):  JavaThread "C2 CompilerThread0" daemon [_thread_in_native, id=9840, stack(0x00000019c7400000,0x00000019c7500000) (1024K)]


Current CompileTask:
C2:23160 4251   !   4       org.eclipse.osgi.internal.loader.classpath.ClasspathManager::findClassImpl (328 bytes)

Stack: [0x00000019c7400000,0x00000019c7500000]
Native frames: (J=compiled Java code, j=interpreted, Vv=VM code, C=native code)
V  [jvm.dll+0x6d6e29]
V  [jvm.dll+0x8b4b76]
V  [jvm.dll+0x8b712e]
V  [jvm.dll+0x8b7813]
V  [jvm.dll+0x283d86]
V  [jvm.dll+0xc66ed]
V  [jvm.dll+0xc6c31]
V  [jvm.dll+0x2facee]
V  [jvm.dll+0x5fde44]
V  [jvm.dll+0x255557]
V  [jvm.dll+0x24d64b]
V  [jvm.dll+0x24b482]
V  [jvm.dll+0x1cb13e]
V  [jvm.dll+0x25b29d]
V  [jvm.dll+0x25982a]
V  [jvm.dll+0x3f7ea6]
V  [jvm.dll+0x85e9ad]
V  [jvm.dll+0x6d565d]
C  [ucrtbase.dll+0x37b0]
C  [KERNEL32.DLL+0x2e8d7]
C  [ntdll.dll+0x8c53c]


---------------  P R O C E S S  ---------------

Threads class SMR info:
_java_thread_list=0x000001bd78a0e4b0, length=28, elements={
0x000001bd59391f40, 0x000001bd593293d0, 0x000001bd5944db70, 0x000001bd5932f170,
0x000001bd5932f800, 0x000001bd5932fe90, 0x000001bd5932e450, 0x000001bd5933e620,
0x000001bd710ffcb0, 0x000001bd59330bb0, 0x000001bd59330520, 0x000001bd5932ddc0,
0x000001bd5932d730, 0x000001bd5932eae0, 0x000001bd778073e0, 0x000001bd77806030,
0x000001bd778059a0, 0x000001bd778066c0, 0x000001bd77806d50, 0x000001bd77808100,
0x000001bd77808790, 0x000001bd7703db80, 0x000001bd77805310, 0x000001bd7780bc10,
0x000001bd7703d4b0, 0x000001bd7703e250, 0x000001bd77c96b50, 0x000001bd77c978f0
}

Java Threads: ( => current thread )
  0x000001bd59391f40 JavaThread "main"                              [_thread_blocked, id=9940, stack(0x00000019c6a00000,0x00000019c6b00000) (1024K)]
  0x000001bd593293d0 JavaThread "Reference Handler"          daemon [_thread_blocked, id=94448, stack(0x00000019c6e00000,0x00000019c6f00000) (1024K)]
  0x000001bd5944db70 JavaThread "Finalizer"                  daemon [_thread_blocked, id=18352, stack(0x00000019c6f00000,0x00000019c7000000) (1024K)]
  0x000001bd5932f170 JavaThread "Signal Dispatcher"          daemon [_thread_blocked, id=86864, stack(0x00000019c7000000,0x00000019c7100000) (1024K)]
  0x000001bd5932f800 JavaThread "Attach Listener"            daemon [_thread_blocked, id=78744, stack(0x00000019c7100000,0x00000019c7200000) (1024K)]
  0x000001bd5932fe90 JavaThread "Service Thread"             daemon [_thread_blocked, id=94008, stack(0x00000019c7200000,0x00000019c7300000) (1024K)]
  0x000001bd5932e450 JavaThread "Monitor Deflation Thread"   daemon [_thread_blocked, id=101348, stack(0x00000019c7300000,0x00000019c7400000) (1024K)]
=>0x000001bd5933e620 JavaThread "C2 CompilerThread0"         daemon [_thread_in_native, id=9840, stack(0x00000019c7400000,0x00000019c7500000) (1024K)]
  0x000001bd710ffcb0 JavaThread "C1 CompilerThread0"         daemon [_thread_blocked, id=73736, stack(0x00000019c7500000,0x00000019c7600000) (1024K)]
  0x000001bd59330bb0 JavaThread "Common-Cleaner"             daemon [_thread_blocked, id=21648, stack(0x00000019c7900000,0x00000019c7a00000) (1024K)]
  0x000001bd59330520 JavaThread "Notification Thread"        daemon [_thread_blocked, id=79908, stack(0x00000019c7b00000,0x00000019c7c00000) (1024K)]
  0x000001bd5932ddc0 JavaThread "Active Thread: Equinox Container: 36716b06-e2ca-4530-b2d0-af2460385de0"        [_thread_blocked, id=76676, stack(0x00000019c8300000,0x00000019c8400000) (1024K)]
  0x000001bd5932d730 JavaThread "Refresh Thread: Equinox Container: 36716b06-e2ca-4530-b2d0-af2460385de0" daemon [_thread_blocked, id=80044, stack(0x00000019c8500000,0x00000019c8600000) (1024K)]
  0x000001bd5932eae0 JavaThread "Framework Event Dispatcher: Equinox Container: 36716b06-e2ca-4530-b2d0-af2460385de0" daemon [_thread_blocked, id=50416, stack(0x00000019c8600000,0x00000019c8700000) (1024K)]
  0x000001bd778073e0 JavaThread "Start Level: Equinox Container: 36716b06-e2ca-4530-b2d0-af2460385de0" daemon [_thread_blocked, id=20936, stack(0x00000019c8700000,0x00000019c8800000) (1024K)]
  0x000001bd77806030 JavaThread "Bundle File Closer"         daemon [_thread_blocked, id=76780, stack(0x00000019c8900000,0x00000019c8a00000) (1024K)]
  0x000001bd778059a0 JavaThread "SCR Component Actor"        daemon [_thread_blocked, id=79376, stack(0x00000019c7700000,0x00000019c7800000) (1024K)]
  0x000001bd778066c0 JavaThread "Worker-JM"                         [_thread_blocked, id=87452, stack(0x00000019c8b00000,0x00000019c8c00000) (1024K)]
  0x000001bd77806d50 JavaThread "JNA Cleaner"                daemon [_thread_blocked, id=1640, stack(0x00000019c7600000,0x00000019c7700000) (1024K)]
  0x000001bd77808100 JavaThread "Worker-0"                          [_thread_blocked, id=68176, stack(0x00000019c8c00000,0x00000019c8d00000) (1024K)]
  0x000001bd77808790 JavaThread "Worker-1: Updating Maven Dependencies"        [_thread_blocked, id=97496, stack(0x00000019c8f00000,0x00000019c9000000) (1024K)]
  0x000001bd7703db80 JavaThread "C1 CompilerThread1"         daemon [_thread_blocked, id=16056, stack(0x00000019c8d00000,0x00000019c8e00000) (1024K)]
  0x000001bd77805310 JavaThread "Worker-2: Repository registry initialization"        [_thread_blocked, id=44180, stack(0x00000019c9300000,0x00000019c9400000) (1024K)]
  0x000001bd7780bc10 JavaThread "Worker-3"                          [_thread_blocked, id=31504, stack(0x00000019c9400000,0x00000019c9500000) (1024K)]
  0x000001bd7703d4b0 JavaThread "C2 CompilerThread1"         daemon [_thread_blocked, id=96376, stack(0x00000019c9000000,0x00000019c9100000) (1024K)]
  0x000001bd7703e250 JavaThread "C2 CompilerThread2"         daemon [_thread_blocked, id=72044, stack(0x00000019c8e00000,0x00000019c8f00000) (1024K)]
  0x000001bd77c96b50 JavaThread "C2 CompilerThread3"         daemon [_thread_blocked, id=103136, stack(0x00000019c9100000,0x00000019c9200000) (1024K)]
  0x000001bd77c978f0 JavaThread "C1 CompilerThread2"         daemon [_thread_blocked, id=64640, stack(0x00000019c9200000,0x00000019c9300000) (1024K)]
Total: 28

Other Threads:
  0x000001bd59435b50 VMThread "VM Thread"                           [id=89352, stack(0x00000019c6d00000,0x00000019c6e00000) (1024K)]
  0x000001bd5921ca00 WatcherThread "VM Periodic Task Thread"        [id=94104, stack(0x00000019c6c00000,0x00000019c6d00000) (1024K)]
  0x000001bd593b0540 WorkerThread "GC Thread#0"                     [id=70048, stack(0x00000019c6b00000,0x00000019c6c00000) (1024K)]
  0x000001bd777efe40 WorkerThread "GC Thread#1"                     [id=49348, stack(0x00000019c7d00000,0x00000019c7e00000) (1024K)]
  0x000001bd779cd630 WorkerThread "GC Thread#2"                     [id=20976, stack(0x00000019c7e00000,0x00000019c7f00000) (1024K)]
  0x000001bd779cd9d0 WorkerThread "GC Thread#3"                     [id=13328, stack(0x00000019c7f00000,0x00000019c8000000) (1024K)]
  0x000001bd7794e1d0 WorkerThread "GC Thread#4"                     [id=100440, stack(0x00000019c8000000,0x00000019c8100000) (1024K)]
  0x000001bd7794e570 WorkerThread "GC Thread#5"                     [id=39444, stack(0x00000019c8100000,0x00000019c8200000) (1024K)]
  0x000001bd7794e910 WorkerThread "GC Thread#6"                     [id=45476, stack(0x00000019c8200000,0x00000019c8300000) (1024K)]
  0x000001bd77abf970 WorkerThread "GC Thread#7"                     [id=16740, stack(0x00000019c8400000,0x00000019c8500000) (1024K)]
  0x000001bd77b10790 WorkerThread "GC Thread#8"                     [id=11560, stack(0x00000019c7800000,0x00000019c7900000) (1024K)]
  0x000001bd77b10b30 WorkerThread "GC Thread#9"                     [id=66112, stack(0x00000019c7a00000,0x00000019c7b00000) (1024K)]
  0x000001bd77b10050 WorkerThread "GC Thread#10"                    [id=105844, stack(0x00000019c7c00000,0x00000019c7d00000) (1024K)]
  0x000001bd77b10ed0 WorkerThread "GC Thread#11"                    [id=49836, stack(0x00000019c8800000,0x00000019c8900000) (1024K)]
  0x000001bd77b119b0 WorkerThread "GC Thread#12"                    [id=88788, stack(0x00000019c8a00000,0x00000019c8b00000) (1024K)]
Total: 15

Threads with active compile tasks:
C2 CompilerThread0  26194 4251   !   4       org.eclipse.osgi.internal.loader.classpath.ClasspathManager::findClassImpl (328 bytes)
C2 CompilerThread1  26194 4350       4       org.lombokweb.asm.SymbolTable::addConstantUtf8 (98 bytes)
C2 CompilerThread2  26194 4344       4       org.lombokweb.asm.SymbolTable$Entry::<init> (20 bytes)
C2 CompilerThread3  26194 4343       4       org.lombokweb.asm.ClassReader::readClass (7 bytes)
Total: 4

VM state: not at safepoint (normal execution)

VM Mutex/Monitor currently owned by a thread: None

Heap address: 0x0000000080000000, size: 2048 MB, Compressed Oops mode: 32-bit

CDS archive(s) mapped at: [0x000001bd00000000-0x000001bd00ba0000-0x000001bd00ba0000), size 12189696, SharedBaseAddress: 0x000001bd00000000, ArchiveRelocationMode: 1.
Compressed class space mapped at: 0x000001bd01000000-0x000001bd41000000, reserved size: 1073741824
Narrow klass base: 0x000001bd00000000, Narrow klass shift: 0, Narrow klass range: 0x100000000

GC Precious Log:
 CardTable entry size: 512
 CPUs: 16 total, 16 available
 Memory: 16200M
 Large Page Support: Disabled
 NUMA Support: Disabled
 Compressed Oops: Enabled (32-bit)
 Alignments: Space 512K, Generation 512K, Heap 2M
 Heap Min Capacity: 100M
 Heap Initial Capacity: 100M
 Heap Max Capacity: 2G
 Pre-touch: Disabled
 Parallel Workers: 13

Heap:
 PSYoungGen      total 27136K, used 3153K [0x00000000d5580000, 0x00000000d7680000, 0x0000000100000000)
  eden space 24064K, 1% used [0x00000000d5580000,0x00000000d55f6200,0x00000000d6d00000)
  from space 3072K, 87% used [0x00000000d7380000,0x00000000d761e3b0,0x00000000d7680000)
  to   space 4096K, 0% used [0x00000000d6e80000,0x00000000d6e80000,0x00000000d7280000)
 ParOldGen       total 68608K, used 14201K [0x0000000080000000, 0x0000000084300000, 0x00000000d5580000)
  object space 68608K, 20% used [0x0000000080000000,0x0000000080dde5f8,0x0000000084300000)
 Metaspace       used 23401K, committed 24320K, reserved 1114112K
  class space    used 2451K, committed 2816K, reserved 1048576K

Card table byte_map: [0x000001bd58d30000,0x000001bd59140000] _byte_map_base: 0x000001bd58930000

Marking Bits: (ParMarkBitMap*) 0x00007ffa1d642460
 Begin Bits: [0x000001bd6b840000, 0x000001bd6d840000)
 End Bits:   [0x000001bd6d840000, 0x000001bd6f840000)

Polling page: 0x000001bd57150000

Metaspace:

Usage:
  Non-class:     20.46 MB used.
      Class:      2.40 MB used.
       Both:     22.85 MB used.

Virtual space:
  Non-class space:       64.00 MB reserved,      21.00 MB ( 33%) committed,  1 nodes.
      Class space:        1.00 GB reserved,       2.75 MB ( <1%) committed,  1 nodes.
             Both:        1.06 GB reserved,      23.75 MB (  2%) committed. 

Chunk freelists:
   Non-Class:  11.03 MB
       Class:  13.16 MB
        Both:  24.19 MB

MaxMetaspaceSize: unlimited
CompressedClassSpaceSize: 1.00 GB
Initial GC threshold: 21.00 MB
Current GC threshold: 35.00 MB
CDS: on
 - commit_granule_bytes: 65536.
 - commit_granule_words: 8192.
 - virtual_space_node_default_size: 8388608.
 - enlarge_chunks_in_place: 1.
 - use_allocation_guard: 0.


Internal statistics:

num_allocs_failed_limit: 3.
num_arena_births: 712.
num_arena_deaths: 14.
num_vsnodes_births: 2.
num_vsnodes_deaths: 0.
num_space_committed: 380.
num_space_uncommitted: 0.
num_chunks_returned_to_freelist: 17.
num_chunks_taken_from_freelist: 1693.
num_chunk_merges: 9.
num_chunk_splits: 1044.
num_chunks_enlarged: 615.
num_inconsistent_stats: 0.

CodeHeap 'non-profiled nmethods': size=119168Kb used=1901Kb max_used=1901Kb free=117266Kb
 bounds [0x000001bd64130000, 0x000001bd643a0000, 0x000001bd6b590000]
CodeHeap 'profiled nmethods': size=119104Kb used=9324Kb max_used=9324Kb free=109779Kb
 bounds [0x000001bd5c590000, 0x000001bd5ceb0000, 0x000001bd639e0000]
CodeHeap 'non-nmethods': size=7488Kb used=2418Kb max_used=3012Kb free=5069Kb
 bounds [0x000001bd639e0000, 0x000001bd63d60000, 0x000001bd64130000]
CodeCache: size=245760Kb, used=13643Kb, max_used=14237Kb, free=232114Kb
 total_blobs=4918, nmethods=4344, adapters=478, full_count=0
Compilation: enabled, stopped_count=0, restarted_count=0

Compilation events (20 events):
Event: 21.122 Thread 0x000001bd7703e250 4279       3       org.lombokweb.asm.MethodWriter::computeMethodInfoSize (571 bytes)
Event: 21.123 Thread 0x000001bd7703e250 nmethod 4279 0x000001bd5ce76e10 code [0x000001bd5ce77140, 0x000001bd5ce77ff8]
Event: 21.123 Thread 0x000001bd7703e250 4280       3       org.lombokweb.asm.MethodWriter::hasFrames (13 bytes)
Event: 21.123 Thread 0x000001bd7703e250 nmethod 4280 0x000001bd5ce78690 code [0x000001bd5ce78820, 0x000001bd5ce78980]
Event: 21.124 Thread 0x000001bd710ffcb0 nmethod 4269 0x000001bd5ce78a10 code [0x000001bd5ce79180, 0x000001bd5ce7d620]
Event: 21.124 Thread 0x000001bd7703db80 nmethod 4281 0x000001bd5ce7f210 code [0x000001bd5ce7f920, 0x000001bd5ce81fc8]
Event: 21.126 Thread 0x000001bd7703d4b0 nmethod 4263 0x000001bd64303890 code [0x000001bd64303a80, 0x000001bd64304430]
Event: 21.126 Thread 0x000001bd7703d4b0 4266       4       org.lombokweb.asm.ClassReader::readUTF8 (23 bytes)
Event: 21.137 Thread 0x000001bd7703d4b0 nmethod 4266 0x000001bd64304990 code [0x000001bd64304b80, 0x000001bd643055f0]
Event: 21.137 Thread 0x000001bd7703d4b0 4282       4       org.eclipse.osgi.internal.loader.classpath.ClasspathEntry::findEntry (56 bytes)
Event: 21.144 Thread 0x000001bd7703e250 4283       3       org.eclipse.core.runtime.Assert::isLegal (7 bytes)
Event: 21.145 Thread 0x000001bd7703db80 4284       3       java.util.concurrent.ConcurrentLinkedQueue::updateHead (26 bytes)
Event: 21.145 Thread 0x000001bd7703e250 nmethod 4283 0x000001bd5ce83290 code [0x000001bd5ce83440, 0x000001bd5ce83688]
Event: 21.145 Thread 0x000001bd7703e250 4285       1       java.util.concurrent.atomic.AtomicReference::set (6 bytes)
Event: 21.145 Thread 0x000001bd7703e250 nmethod 4285 0x000001bd64305c10 code [0x000001bd64305da0, 0x000001bd64305e88]
Event: 21.146 Thread 0x000001bd7703db80 nmethod 4284 0x000001bd5ce83790 code [0x000001bd5ce83ae0, 0x000001bd5ce84f38]
Event: 21.246 Thread 0x000001bd7703db80 4286       1       org.eclipse.core.internal.jobs.InternalJob::previous (5 bytes)
Event: 21.246 Thread 0x000001bd7703db80 nmethod 4286 0x000001bd64305f10 code [0x000001bd643060a0, 0x000001bd64306168]
Event: 22.363 Thread 0x000001bd710ffcb0 4287       3       java.util.concurrent.locks.AbstractQueuedSynchronizer$Node::setPrevRelaxed (12 bytes)
Event: 22.734 Thread 0x000001bd7703db80 4289       3       java.util.concurrent.locks.AbstractQueuedSynchronizer::cleanQueue (174 bytes)

GC Heap History (16 events):
Event: 0.810 GC heap before
{Heap before GC invocations=1 (full 0):
 PSYoungGen      total 29696K, used 25600K [0x00000000d5580000, 0x00000000d7680000, 0x0000000100000000)
  eden space 25600K, 100% used [0x00000000d5580000,0x00000000d6e80000,0x00000000d6e80000)
  from space 4096K, 0% used [0x00000000d7280000,0x00000000d7280000,0x00000000d7680000)
  to   space 4096K, 0% used [0x00000000d6e80000,0x00000000d6e80000,0x00000000d7280000)
 ParOldGen       total 68608K, used 0K [0x0000000080000000, 0x0000000084300000, 0x00000000d5580000)
  object space 68608K, 0% used [0x0000000080000000,0x0000000080000000,0x0000000084300000)
 Metaspace       used 4142K, committed 4416K, reserved 1114112K
  class space    used 452K, committed 576K, reserved 1048576K
}
Event: 0.819 GC heap after
{Heap after GC invocations=1 (full 0):
 PSYoungGen      total 29696K, used 3707K [0x00000000d5580000, 0x00000000d7680000, 0x0000000100000000)
  eden space 25600K, 0% used [0x00000000d5580000,0x00000000d5580000,0x00000000d6e80000)
  from space 4096K, 90% used [0x00000000d6e80000,0x00000000d721efe0,0x00000000d7280000)
  to   space 4096K, 0% used [0x00000000d7280000,0x00000000d7280000,0x00000000d7680000)
 ParOldGen       total 68608K, used 16K [0x0000000080000000, 0x0000000084300000, 0x00000000d5580000)
  object space 68608K, 0% used [0x0000000080000000,0x0000000080004000,0x0000000084300000)
 Metaspace       used 4142K, committed 4416K, reserved 1114112K
  class space    used 452K, committed 576K, reserved 1048576K
}
Event: 1.536 GC heap before
{Heap before GC invocations=2 (full 0):
 PSYoungGen      total 29696K, used 29307K [0x00000000d5580000, 0x00000000d7680000, 0x0000000100000000)
  eden space 25600K, 100% used [0x00000000d5580000,0x00000000d6e80000,0x00000000d6e80000)
  from space 4096K, 90% used [0x00000000d6e80000,0x00000000d721efe0,0x00000000d7280000)
  to   space 4096K, 0% used [0x00000000d7280000,0x00000000d7280000,0x00000000d7680000)
 ParOldGen       total 68608K, used 16K [0x0000000080000000, 0x0000000084300000, 0x00000000d5580000)
  object space 68608K, 0% used [0x0000000080000000,0x0000000080004000,0x0000000084300000)
 Metaspace       used 7754K, committed 8064K, reserved 1114112K
  class space    used 805K, committed 960K, reserved 1048576K
}
Event: 1.541 GC heap after
{Heap after GC invocations=2 (full 0):
 PSYoungGen      total 29696K, used 4086K [0x00000000d5580000, 0x00000000d7680000, 0x0000000100000000)
  eden space 25600K, 0% used [0x00000000d5580000,0x00000000d5580000,0x00000000d6e80000)
  from space 4096K, 99% used [0x00000000d7280000,0x00000000d767d810,0x00000000d7680000)
  to   space 4096K, 0% used [0x00000000d6e80000,0x00000000d6e80000,0x00000000d7280000)
 ParOldGen       total 68608K, used 1889K [0x0000000080000000, 0x0000000084300000, 0x00000000d5580000)
  object space 68608K, 2% used [0x0000000080000000,0x00000000801d86a8,0x0000000084300000)
 Metaspace       used 7754K, committed 8064K, reserved 1114112K
  class space    used 805K, committed 960K, reserved 1048576K
}
Event: 3.523 GC heap before
{Heap before GC invocations=3 (full 0):
 PSYoungGen      total 29696K, used 29686K [0x00000000d5580000, 0x00000000d7680000, 0x0000000100000000)
  eden space 25600K, 100% used [0x00000000d5580000,0x00000000d6e80000,0x00000000d6e80000)
  from space 4096K, 99% used [0x00000000d7280000,0x00000000d767d810,0x00000000d7680000)
  to   space 4096K, 0% used [0x00000000d6e80000,0x00000000d6e80000,0x00000000d7280000)
 ParOldGen       total 68608K, used 1889K [0x0000000080000000, 0x0000000084300000, 0x00000000d5580000)
  object space 68608K, 2% used [0x0000000080000000,0x00000000801d86a8,0x0000000084300000)
 Metaspace       used 9469K, committed 9792K, reserved 1114112K
  class space    used 1008K, committed 1152K, reserved 1048576K
}
Event: 3.530 GC heap after
{Heap after GC invocations=3 (full 0):
 PSYoungGen      total 29696K, used 4080K [0x00000000d5580000, 0x00000000d7680000, 0x0000000100000000)
  eden space 25600K, 0% used [0x00000000d5580000,0x00000000d5580000,0x00000000d6e80000)
  from space 4096K, 99% used [0x00000000d6e80000,0x00000000d727c210,0x00000000d7280000)
  to   space 4096K, 0% used [0x00000000d7280000,0x00000000d7280000,0x00000000d7680000)
 ParOldGen       total 68608K, used 4108K [0x0000000080000000, 0x0000000084300000, 0x00000000d5580000)
  object space 68608K, 5% used [0x0000000080000000,0x00000000804032b8,0x0000000084300000)
 Metaspace       used 9469K, committed 9792K, reserved 1114112K
  class space    used 1008K, committed 1152K, reserved 1048576K
}
Event: 8.956 GC heap before
{Heap before GC invocations=4 (full 0):
 PSYoungGen      total 29696K, used 29680K [0x00000000d5580000, 0x00000000d7680000, 0x0000000100000000)
  eden space 25600K, 100% used [0x00000000d5580000,0x00000000d6e80000,0x00000000d6e80000)
  from space 4096K, 99% used [0x00000000d6e80000,0x00000000d727c210,0x00000000d7280000)
  to   space 4096K, 0% used [0x00000000d7280000,0x00000000d7280000,0x00000000d7680000)
 ParOldGen       total 68608K, used 4108K [0x0000000080000000, 0x0000000084300000, 0x00000000d5580000)
  object space 68608K, 5% used [0x0000000080000000,0x00000000804032b8,0x0000000084300000)
 Metaspace       used 11409K, committed 11840K, reserved 1114112K
  class space    used 1194K, committed 1408K, reserved 1048576K
}
Event: 8.960 GC heap after
{Heap after GC invocations=4 (full 0):
 PSYoungGen      total 29696K, used 4093K [0x00000000d5580000, 0x00000000d7680000, 0x0000000100000000)
  eden space 25600K, 0% used [0x00000000d5580000,0x00000000d5580000,0x00000000d6e80000)
  from space 4096K, 99% used [0x00000000d7280000,0x00000000d767f480,0x00000000d7680000)
  to   space 4096K, 0% used [0x00000000d6e80000,0x00000000d6e80000,0x00000000d7280000)
 ParOldGen       total 68608K, used 6561K [0x0000000080000000, 0x0000000084300000, 0x00000000d5580000)
  object space 68608K, 9% used [0x0000000080000000,0x0000000080668560,0x0000000084300000)
 Metaspace       used 11409K, committed 11840K, reserved 1114112K
  class space    used 1194K, committed 1408K, reserved 1048576K
}
Event: 11.281 GC heap before
{Heap before GC invocations=5 (full 0):
 PSYoungGen      total 29696K, used 29693K [0x00000000d5580000, 0x00000000d7680000, 0x0000000100000000)
  eden space 25600K, 100% used [0x00000000d5580000,0x00000000d6e80000,0x00000000d6e80000)
  from space 4096K, 99% used [0x00000000d7280000,0x00000000d767f480,0x00000000d7680000)
  to   space 4096K, 0% used [0x00000000d6e80000,0x00000000d6e80000,0x00000000d7280000)
 ParOldGen       total 68608K, used 6561K [0x0000000080000000, 0x0000000084300000, 0x00000000d5580000)
  object space 68608K, 9% used [0x0000000080000000,0x0000000080668560,0x0000000084300000)
 Metaspace       used 15323K, committed 15808K, reserved 1114112K
  class space    used 1582K, committed 1792K, reserved 1048576K
}
Event: 11.285 GC heap after
{Heap after GC invocations=5 (full 0):
 PSYoungGen      total 29184K, used 4078K [0x00000000d5580000, 0x00000000d7a00000, 0x0000000100000000)
  eden space 25088K, 0% used [0x00000000d5580000,0x00000000d5580000,0x00000000d6e00000)
  from space 4096K, 99% used [0x00000000d6e80000,0x00000000d727ba58,0x00000000d7280000)
  to   space 6144K, 0% used [0x00000000d7400000,0x00000000d7400000,0x00000000d7a00000)
 ParOldGen       total 68608K, used 7649K [0x0000000080000000, 0x0000000084300000, 0x00000000d5580000)
  object space 68608K, 11% used [0x0000000080000000,0x0000000080778570,0x0000000084300000)
 Metaspace       used 15323K, committed 15808K, reserved 1114112K
  class space    used 1582K, committed 1792K, reserved 1048576K
}
Event: 18.581 GC heap before
{Heap before GC invocations=6 (full 0):
 PSYoungGen      total 29184K, used 29166K [0x00000000d5580000, 0x00000000d7a00000, 0x0000000100000000)
  eden space 25088K, 100% used [0x00000000d5580000,0x00000000d6e00000,0x00000000d6e00000)
  from space 4096K, 99% used [0x00000000d6e80000,0x00000000d727ba58,0x00000000d7280000)
  to   space 6144K, 0% used [0x00000000d7400000,0x00000000d7400000,0x00000000d7a00000)
 ParOldGen       total 68608K, used 7649K [0x0000000080000000, 0x0000000084300000, 0x00000000d5580000)
  object space 68608K, 11% used [0x0000000080000000,0x0000000080778570,0x0000000084300000)
 Metaspace       used 18566K, committed 19264K, reserved 1114112K
  class space    used 1927K, committed 2240K, reserved 1048576K
}
Event: 18.587 GC heap after
{Heap after GC invocations=6 (full 0):
 PSYoungGen      total 30720K, used 6137K [0x00000000d5580000, 0x00000000d7a80000, 0x0000000100000000)
  eden space 24576K, 0% used [0x00000000d5580000,0x00000000d5580000,0x00000000d6d80000)
  from space 6144K, 99% used [0x00000000d7400000,0x00000000d79fe7a8,0x00000000d7a00000)
  to   space 6656K, 0% used [0x00000000d6d80000,0x00000000d6d80000,0x00000000d7400000)
 ParOldGen       total 68608K, used 7657K [0x0000000080000000, 0x0000000084300000, 0x00000000d5580000)
  object space 68608K, 11% used [0x0000000080000000,0x000000008077a570,0x0000000084300000)
 Metaspace       used 18566K, committed 19264K, reserved 1114112K
  class space    used 1927K, committed 2240K, reserved 1048576K
}
Event: 20.017 GC heap before
{Heap before GC invocations=7 (full 0):
 PSYoungGen      total 30720K, used 29651K [0x00000000d5580000, 0x00000000d7a80000, 0x0000000100000000)
  eden space 24576K, 95% used [0x00000000d5580000,0x00000000d6c764c0,0x00000000d6d80000)
  from space 6144K, 99% used [0x00000000d7400000,0x00000000d79fe7a8,0x00000000d7a00000)
  to   space 6656K, 0% used [0x00000000d6d80000,0x00000000d6d80000,0x00000000d7400000)
 ParOldGen       total 68608K, used 7657K [0x0000000080000000, 0x0000000084300000, 0x00000000d5580000)
  object space 68608K, 11% used [0x0000000080000000,0x000000008077a570,0x0000000084300000)
 Metaspace       used 20788K, committed 21504K, reserved 1114112K
  class space    used 2180K, committed 2496K, reserved 1048576K
}
Event: 20.020 GC heap after
{Heap after GC invocations=7 (full 0):
 PSYoungGen      total 30208K, used 5621K [0x00000000d5580000, 0x00000000d7980000, 0x0000000100000000)
  eden space 24576K, 0% used [0x00000000d5580000,0x00000000d5580000,0x00000000d6d80000)
  from space 5632K, 99% used [0x00000000d6d80000,0x00000000d72fd598,0x00000000d7300000)
  to   space 6144K, 0% used [0x00000000d7380000,0x00000000d7380000,0x00000000d7980000)
 ParOldGen       total 68608K, used 9201K [0x0000000080000000, 0x0000000084300000, 0x00000000d5580000)
  object space 68608K, 13% used [0x0000000080000000,0x00000000808fc7d8,0x0000000084300000)
 Metaspace       used 20788K, committed 21504K, reserved 1114112K
  class space    used 2180K, committed 2496K, reserved 1048576K
}
Event: 20.020 GC heap before
{Heap before GC invocations=8 (full 1):
 PSYoungGen      total 30208K, used 5621K [0x00000000d5580000, 0x00000000d7980000, 0x0000000100000000)
  eden space 24576K, 0% used [0x00000000d5580000,0x00000000d5580000,0x00000000d6d80000)
  from space 5632K, 99% used [0x00000000d6d80000,0x00000000d72fd598,0x00000000d7300000)
  to   space 6144K, 0% used [0x00000000d7380000,0x00000000d7380000,0x00000000d7980000)
 ParOldGen       total 68608K, used 9201K [0x0000000080000000, 0x0000000084300000, 0x00000000d5580000)
  object space 68608K, 13% used [0x0000000080000000,0x00000000808fc7d8,0x0000000084300000)
 Metaspace       used 20788K, committed 21504K, reserved 1114112K
  class space    used 2180K, committed 2496K, reserved 1048576K
}
Event: 20.045 GC heap after
{Heap after GC invocations=8 (full 1):
 PSYoungGen      total 30208K, used 0K [0x00000000d5580000, 0x00000000d7980000, 0x0000000100000000)
  eden space 24576K, 0% used [0x00000000d5580000,0x00000000d5580000,0x00000000d6d80000)
  from space 5632K, 0% used [0x00000000d6d80000,0x00000000d6d80000,0x00000000d7300000)
  to   space 6144K, 0% used [0x00000000d7380000,0x00000000d7380000,0x00000000d7980000)
 ParOldGen       total 68608K, used 14193K [0x0000000080000000, 0x0000000084300000, 0x00000000d5580000)
  object space 68608K, 20% used [0x0000000080000000,0x0000000080ddc5f8,0x0000000084300000)
 Metaspace       used 20775K, committed 21504K, reserved 1114112K
  class space    used 2176K, committed 2496K, reserved 1048576K
}

Dll operation events (10 events):
Event: 0.012 Loaded shared library c:\Users\sraja\.antigravity\extensions\redhat.java-1.52.0-win32-x64\jre\21.0.9-win32-x86_64\bin\java.dll
Event: 0.076 Loaded shared library c:\Users\sraja\.antigravity\extensions\redhat.java-1.52.0-win32-x64\jre\21.0.9-win32-x86_64\bin\zip.dll
Event: 0.101 Loaded shared library C:\Users\sraja\.antigravity\extensions\redhat.java-1.52.0-win32-x64\jre\21.0.9-win32-x86_64\bin\instrument.dll
Event: 0.107 Loaded shared library C:\Users\sraja\.antigravity\extensions\redhat.java-1.52.0-win32-x64\jre\21.0.9-win32-x86_64\bin\net.dll
Event: 0.110 Loaded shared library C:\Users\sraja\.antigravity\extensions\redhat.java-1.52.0-win32-x64\jre\21.0.9-win32-x86_64\bin\nio.dll
Event: 0.115 Loaded shared library C:\Users\sraja\.antigravity\extensions\redhat.java-1.52.0-win32-x64\jre\21.0.9-win32-x86_64\bin\zip.dll
Event: 0.137 Loaded shared library C:\Users\sraja\.antigravity\extensions\redhat.java-1.52.0-win32-x64\jre\21.0.9-win32-x86_64\bin\jimage.dll
Event: 0.244 Loaded shared library c:\Users\sraja\.antigravity\extensions\redhat.java-1.52.0-win32-x64\jre\21.0.9-win32-x86_64\bin\verify.dll
Event: 1.670 Loaded shared library C:\Users\sraja\AppData\Roaming\Antigravity\User\globalStorage\redhat.java\1.52.0\config_win\org.eclipse.equinox.launcher\org.eclipse.equinox.launcher.win32.win32.x86_64_1.2.1500.v20260121-1430\eclipse_11919.dll
Event: 16.736 Loaded shared library C:\Users\sraja\AppData\Local\Temp\jna--338908069\jna4325632914897630602.dll

Deoptimization events (20 events):
Event: 19.901 Thread 0x000001bd778073e0 DEOPT PACKING pc=0x000001bd6416fe8c sp=0x00000019c87f2fc0
Event: 19.901 Thread 0x000001bd778073e0 DEOPT UNPACKING pc=0x000001bd63a33aa2 sp=0x00000019c87f2f50 mode 2
Event: 19.901 Thread 0x000001bd778073e0 Uncommon trap: trap_request=0xffffff45 fr.pc=0x000001bd6415fde8 relative=0x0000000000000048
Event: 19.901 Thread 0x000001bd778073e0 Uncommon trap: reason=unstable_if action=reinterpret pc=0x000001bd6415fde8 method=java.lang.StringLatin1.canEncode(I)Z @ 4 c2
Event: 19.901 Thread 0x000001bd778073e0 DEOPT PACKING pc=0x000001bd6415fde8 sp=0x00000019c87f2f50
Event: 19.901 Thread 0x000001bd778073e0 DEOPT UNPACKING pc=0x000001bd63a33aa2 sp=0x00000019c87f2ee0 mode 2
Event: 21.085 Thread 0x000001bd77808790 Uncommon trap: trap_request=0xffffff45 fr.pc=0x000001bd64294174 relative=0x0000000000001394
Event: 21.085 Thread 0x000001bd77808790 Uncommon trap: reason=unstable_if action=reinterpret pc=0x000001bd64294174 method=jdk.internal.org.objectweb.asm.Frame.execute(IILjdk/internal/org/objectweb/asm/Symbol;Ljdk/internal/org/objectweb/asm/SymbolTable;)V @ 1 c2
Event: 21.085 Thread 0x000001bd77808790 DEOPT PACKING pc=0x000001bd64294174 sp=0x00000019c8ffd310
Event: 21.085 Thread 0x000001bd77808790 DEOPT UNPACKING pc=0x000001bd63a33aa2 sp=0x00000019c8ffd298 mode 2
Event: 21.085 Thread 0x000001bd77808790 Uncommon trap: trap_request=0xffffff45 fr.pc=0x000001bd64192028 relative=0x0000000000000108
Event: 21.085 Thread 0x000001bd77808790 Uncommon trap: reason=unstable_if action=reinterpret pc=0x000001bd64192028 method=jdk.internal.org.objectweb.asm.ByteVector.putShort(I)Ljdk/internal/org/objectweb/asm/ByteVector; @ 13 c2
Event: 21.085 Thread 0x000001bd77808790 DEOPT PACKING pc=0x000001bd64192028 sp=0x00000019c8ffd080
Event: 21.085 Thread 0x000001bd77808790 DEOPT UNPACKING pc=0x000001bd63a33aa2 sp=0x00000019c8ffd018 mode 2
Event: 21.086 Thread 0x000001bd778073e0 DEOPT PACKING pc=0x000001bd5cabb1dc sp=0x00000019c87fa160
Event: 21.086 Thread 0x000001bd778073e0 DEOPT UNPACKING pc=0x000001bd63a34242 sp=0x00000019c87f96f8 mode 0
Event: 21.093 Thread 0x000001bd77805310 Uncommon trap: trap_request=0xffffff76 fr.pc=0x000001bd642dd000 relative=0x0000000000000380
Event: 21.093 Thread 0x000001bd77805310 Uncommon trap: reason=predicate action=maybe_recompile pc=0x000001bd642dd000 method=java.util.regex.Pattern$BmpCharPropertyGreedy.match(Ljava/util/regex/Matcher;ILjava/lang/CharSequence;)Z @ 12 c2
Event: 21.093 Thread 0x000001bd77805310 DEOPT PACKING pc=0x000001bd642dd000 sp=0x00000019c93fe520
Event: 21.093 Thread 0x000001bd77805310 DEOPT UNPACKING pc=0x000001bd63a33aa2 sp=0x00000019c93fe4c8 mode 2

Classes loaded (20 events):
Event: 21.110 Loading class java/util/zip/GZIPInputStream
Event: 21.110 Loading class java/util/zip/GZIPInputStream done
Event: 21.123 Loading class java/util/concurrent/atomic/AtomicReferenceFieldUpdater
Event: 21.123 Loading class java/util/concurrent/atomic/AtomicReferenceFieldUpdater done
Event: 21.123 Loading class java/util/concurrent/atomic/AtomicReferenceFieldUpdater$AtomicReferenceFieldUpdaterImpl
Event: 21.123 Loading class java/util/concurrent/atomic/AtomicReferenceFieldUpdater$AtomicReferenceFieldUpdaterImpl done
Event: 21.123 Loading class java/util/concurrent/atomic/AtomicReferenceFieldUpdater$AtomicReferenceFieldUpdaterImpl$1
Event: 21.123 Loading class java/util/concurrent/atomic/AtomicReferenceFieldUpdater$AtomicReferenceFieldUpdaterImpl$1 done
Event: 21.132 Loading class java/net/SocketTimeoutException
Event: 21.133 Loading class java/io/InterruptedIOException
Event: 21.133 Loading class java/io/InterruptedIOException done
Event: 21.133 Loading class java/net/SocketTimeoutException done
Event: 21.133 Loading class java/net/SocketException
Event: 21.133 Loading class java/net/SocketException done
Event: 21.133 Loading class java/net/UnknownHostException
Event: 21.133 Loading class java/net/UnknownHostException done
Event: 21.133 Loading class java/net/ProtocolException
Event: 21.133 Loading class java/net/ProtocolException done
Event: 21.148 Loading class java/lang/ThreadLocal$SuppliedThreadLocal
Event: 21.148 Loading class java/lang/ThreadLocal$SuppliedThreadLocal done

Classes unloaded (7 events):
Event: 20.024 Thread 0x000001bd59435b50 Unloading class 0x000001bd011ab400 'java/lang/invoke/LambdaForm$MH+0x000001bd011ab400'
Event: 20.024 Thread 0x000001bd59435b50 Unloading class 0x000001bd011ab000 'java/lang/invoke/LambdaForm$MH+0x000001bd011ab000'
Event: 20.024 Thread 0x000001bd59435b50 Unloading class 0x000001bd011aac00 'java/lang/invoke/LambdaForm$MH+0x000001bd011aac00'
Event: 20.024 Thread 0x000001bd59435b50 Unloading class 0x000001bd011aa800 'java/lang/invoke/LambdaForm$MH+0x000001bd011aa800'
Event: 20.024 Thread 0x000001bd59435b50 Unloading class 0x000001bd011aa400 'java/lang/invoke/LambdaForm$BMH+0x000001bd011aa400'
Event: 20.024 Thread 0x000001bd59435b50 Unloading class 0x000001bd011aa000 'java/lang/invoke/LambdaForm$DMH+0x000001bd011aa000'
Event: 20.024 Thread 0x000001bd59435b50 Unloading class 0x000001bd011a8c00 'java/lang/invoke/LambdaForm$DMH+0x000001bd011a8c00'

Classes redefined (0 events):
No events

Internal exceptions (20 events):
Event: 18.859 Thread 0x000001bd778073e0 Exception <a 'java/lang/NoSuchMethodError'{0x00000000d60d93a0}: 'java.lang.Object java.lang.invoke.DirectMethodHandle$Holder.newInvokeSpecial(java.lang.Object, int, java.lang.Object, java.lang.Object)'> (0x00000000d60d93a0) 
thrown [s\src\hotspot\share\interpreter\linkResolver.cpp, line 773]
Event: 19.977 Thread 0x000001bd778073e0 Exception <a 'java/lang/NoSuchMethodError'{0x00000000d6987ce0}: 'long java.lang.invoke.Invokers$Holder.invokeExact_MT(java.lang.Object, java.lang.Object)'> (0x00000000d6987ce0) 
thrown [s\src\hotspot\share\interpreter\linkResolver.cpp, line 773]
Event: 21.069 Thread 0x000001bd77805310 Exception <a 'java/lang/NoSuchMethodError'{0x00000000d5764bd8}: 'java.lang.Object java.lang.invoke.DirectMethodHandle$Holder.invokeStaticInit(java.lang.Object, java.lang.Object, java.lang.Object, java.lang.Object, java.lang.Object, java.lang.Object, java.lang.Object)'> (0x00000000d5764bd8) 
thrown [s\src\hotspot\share\interpreter\linkResolver.cpp, line 773]
Event: 21.069 Thread 0x000001bd77805310 Exception <a 'java/lang/NoSuchMethodError'{0x00000000d57693b0}: 'java.lang.Object java.lang.invoke.Invokers$Holder.invoke_MT(java.lang.Object, java.lang.Object, java.lang.Object, java.lang.Object, java.lang.Object, java.lang.Object, java.lang.Object, java.lang.Object, java.lang.Object)'> (0x00000000d57693b0) 
thrown [s\src\hotspot\share\interpreter\linkResolver.cpp, line 773]
Event: 21.074 Thread 0x000001bd77805310 Exception <a 'java/lang/NoSuchMethodError'{0x00000000d58b0bc0}: 'int java.lang.invoke.DirectMethodHandle$Holder.invokeVirtual(java.lang.Object, java.lang.Object, java.lang.Object)'> (0x00000000d58b0bc0) 
thrown [s\src\hotspot\share\interpreter\linkResolver.cpp, line 773]
Event: 21.074 Thread 0x000001bd77805310 Exception <a 'java/lang/NoSuchMethodError'{0x00000000d58b4888}: 'int java.lang.invoke.DirectMethodHandle$Holder.invokeStaticInit(java.lang.Object, int, int)'> (0x00000000d58b4888) 
thrown [s\src\hotspot\share\interpreter\linkResolver.cpp, line 773]
Event: 21.074 Thread 0x000001bd77805310 Exception <a 'java/lang/NoSuchMethodError'{0x00000000d58d6928}: 'int java.lang.invoke.DirectMethodHandle$Holder.invokeStaticInit(java.lang.Object, long, long)'> (0x00000000d58d6928) 
thrown [s\src\hotspot\share\interpreter\linkResolver.cpp, line 773]
Event: 21.075 Thread 0x000001bd77805310 Exception <a 'java/lang/NoSuchMethodError'{0x00000000d58dd010}: 'int java.lang.invoke.DirectMethodHandle$Holder.invokeStaticInit(java.lang.Object, float, float)'> (0x00000000d58dd010) 
thrown [s\src\hotspot\share\interpreter\linkResolver.cpp, line 773]
Event: 21.075 Thread 0x000001bd77805310 Exception <a 'java/lang/NoSuchMethodError'{0x00000000d595f8b8}: 'int java.lang.invoke.DirectMethodHandle$Holder.invokeStaticInit(java.lang.Object, double, double)'> (0x00000000d595f8b8) 
thrown [s\src\hotspot\share\interpreter\linkResolver.cpp, line 773]
Event: 21.075 Thread 0x000001bd77805310 Exception <a 'java/lang/NoSuchMethodError'{0x00000000d5963a00}: 'int java.lang.invoke.DirectMethodHandle$Holder.invokeStatic(java.lang.Object, long)'> (0x00000000d5963a00) 
thrown [s\src\hotspot\share\interpreter\linkResolver.cpp, line 773]
Event: 21.077 Thread 0x000001bd77805310 Exception <a 'java/lang/NoSuchMethodError'{0x00000000d59887f0}: 'int java.lang.invoke.DirectMethodHandle$Holder.invokeSpecial(java.lang.Object, java.lang.Object, int, int)'> (0x00000000d59887f0) 
thrown [s\src\hotspot\share\interpreter\linkResolver.cpp, line 773]
Event: 21.081 Thread 0x000001bd77808790 Exception <a 'java/lang/NoSuchMethodError'{0x00000000d59a2ed8}: 'int java.lang.invoke.Invokers$Holder.linkToTargetMethod(java.lang.Object, java.lang.Object)'> (0x00000000d59a2ed8) 
thrown [s\src\hotspot\share\interpreter\linkResolver.cpp, line 773]
Event: 21.081 Thread 0x000001bd77805310 Exception <a 'java/lang/NoSuchMethodError'{0x00000000d59a7388}: 'int java.lang.invoke.Invokers$Holder.linkToTargetMethod(java.lang.Object, java.lang.Object)'> (0x00000000d59a7388) 
thrown [s\src\hotspot\share\interpreter\linkResolver.cpp, line 773]
Event: 21.082 Thread 0x000001bd77808790 Exception <a 'java/lang/NoSuchMethodError'{0x00000000d59cce20}: 'int java.lang.invoke.DirectMethodHandle$Holder.invokeSpecial(java.lang.Object, java.lang.Object, java.lang.Object, java.lang.Object)'> (0x00000000d59cce20) 
thrown [s\src\hotspot\share\interpreter\linkResolver.cpp, line 773]
Event: 21.083 Thread 0x000001bd77808790 Exception <a 'java/lang/NoSuchMethodError'{0x00000000d59e6c48}: 'java.lang.Object java.lang.invoke.DirectMethodHandle$Holder.invokeStatic(java.lang.Object, int, java.lang.Object, java.lang.Object)'> (0x00000000d59e6c48) 
thrown [s\src\hotspot\share\interpreter\linkResolver.cpp, line 773]
Event: 21.084 Thread 0x000001bd77808790 Exception <a 'java/lang/NoSuchMethodError'{0x00000000d5a22278}: 'java.lang.Object java.lang.invoke.DelegatingMethodHandle$Holder.delegate(java.lang.Object, int, java.lang.Object, java.lang.Object)'> (0x00000000d5a22278) 
thrown [s\src\hotspot\share\interpreter\linkResolver.cpp, line 773]
Event: 21.086 Thread 0x000001bd77808790 Exception <a 'java/lang/NoSuchMethodError'{0x00000000d5a4e760}: 'int java.lang.invoke.Invokers$Holder.linkToTargetMethod(java.lang.Object, java.lang.Object, java.lang.Object)'> (0x00000000d5a4e760) 
thrown [s\src\hotspot\share\interpreter\linkResolver.cpp, line 773]
Event: 21.102 Thread 0x000001bd778073e0 Exception <a 'java/lang/NoSuchMethodError'{0x00000000d5bd0930}: 'double java.lang.invoke.DirectMethodHandle$Holder.invokeStatic(java.lang.Object, java.lang.Object)'> (0x00000000d5bd0930) 
thrown [s\src\hotspot\share\interpreter\linkResolver.cpp, line 773]
Event: 21.103 Thread 0x000001bd778073e0 Exception <a 'java/lang/NoSuchMethodError'{0x00000000d5c5a8d8}: 'double java.lang.invoke.DirectMethodHandle$Holder.invokeStaticInit(java.lang.Object, java.lang.Object)'> (0x00000000d5c5a8d8) 
thrown [s\src\hotspot\share\interpreter\linkResolver.cpp, line 773]
Event: 21.109 Thread 0x000001bd77805310 Exception <a 'java/lang/NoSuchMethodError'{0x00000000d5da0cc8}: 'java.lang.Object java.lang.invoke.DirectMethodHandle$Holder.invokeSpecialIFC(java.lang.Object, java.lang.Object, java.lang.Object, java.lang.Object)'> (0x00000000d5da0cc8) 
thrown [s\src\hotspot\share\interpreter\linkResolver.cpp, line 773]

ZGC Phase Switch (0 events):
No events

VM Operations (20 events):
Event: 17.804 Executing VM operation: Cleanup done
Event: 17.979 Executing VM operation: HandshakeAllThreads (Deoptimize)
Event: 17.979 Executing VM operation: HandshakeAllThreads (Deoptimize) done
Event: 18.223 Executing VM operation: HandshakeAllThreads (Deoptimize)
Event: 18.223 Executing VM operation: HandshakeAllThreads (Deoptimize) done
Event: 18.241 Executing VM operation: HandshakeAllThreads (Deoptimize)
Event: 18.241 Executing VM operation: HandshakeAllThreads (Deoptimize) done
Event: 18.581 Executing VM operation: ParallelGCFailedAllocation (Allocation Failure)
Event: 18.587 Executing VM operation: ParallelGCFailedAllocation (Allocation Failure) done
Event: 19.591 Executing VM operation: Cleanup
Event: 19.591 Executing VM operation: Cleanup done
Event: 20.017 Executing VM operation: CollectForMetadataAllocation (Metadata GC Threshold)
Event: 20.045 Executing VM operation: CollectForMetadataAllocation (Metadata GC Threshold) done
Event: 21.049 Executing VM operation: Cleanup
Event: 21.064 Executing VM operation: Cleanup done
Event: 21.086 Executing VM operation: HandshakeAllThreads (Deoptimize)
Event: 21.086 Executing VM operation: HandshakeAllThreads (Deoptimize) done
Event: 22.090 Executing VM operation: Cleanup
Event: 22.090 Executing VM operation: Cleanup done
Event: 23.096 Executing VM operation: Cleanup

Memory protections (0 events):
No events

Nmethod flushes (0 events):
No events

Events (20 events):
Event: 13.395 Thread 0x000001bd7703e250 Thread exited: 0x000001bd7703e250
Event: 13.395 Thread 0x000001bd781685c0 Thread exited: 0x000001bd781685c0
Event: 16.860 Thread 0x000001bd778073e0 Thread added: 0x000001bd77806d50
Event: 17.220 Thread 0x000001bd778073e0 Thread added: 0x000001bd77808100
Event: 17.251 Thread 0x000001bd710ffcb0 Thread added: 0x000001bd7703db80
Event: 17.252 Thread 0x000001bd710ffcb0 Thread added: 0x000001bd7703e250
Event: 17.294 Thread 0x000001bd778073e0 Thread added: 0x000001bd77808790
Event: 18.845 Thread 0x000001bd710ffcb0 Thread added: 0x000001bd7703d4b0
Event: 19.887 Thread 0x000001bd7703e250 Thread exited: 0x000001bd7703e250
Event: 19.887 Thread 0x000001bd7703db80 Thread exited: 0x000001bd7703db80
Event: 19.893 Thread 0x000001bd710ffcb0 Thread added: 0x000001bd7703db80
Event: 19.893 Thread 0x000001bd710ffcb0 Thread added: 0x000001bd7703e250
Event: 19.893 Thread 0x000001bd7703db80 Thread added: 0x000001bd78786030
Event: 19.916 Thread 0x000001bd7703d4b0 Thread added: 0x000001bd78785290
Event: 21.065 Thread 0x000001bd77808790 Thread added: 0x000001bd77805310
Event: 21.065 Thread 0x000001bd77805310 Thread added: 0x000001bd7780bc10
Event: 21.066 Thread 0x000001bd78786030 Thread exited: 0x000001bd78786030
Event: 21.066 Thread 0x000001bd78785290 Thread exited: 0x000001bd78785290
Event: 21.066 Thread 0x000001bd7703d4b0 Thread exited: 0x000001bd7703d4b0
Event: 21.083 Thread 0x000001bd710ffcb0 Thread added: 0x000001bd7703d4b0


Dynamic libraries:
0x00007ff6090e0000 - 0x00007ff6090ee000 	c:\Users\sraja\.antigravity\extensions\redhat.java-1.52.0-win32-x64\jre\21.0.9-win32-x86_64\bin\java.exe
0x00007ffa9dd20000 - 0x00007ffa9df87000 	C:\WINDOWS\SYSTEM32\ntdll.dll
0x00007ffa9c6a0000 - 0x00007ffa9c769000 	C:\WINDOWS\System32\KERNEL32.DLL
0x00007ffa9b420000 - 0x00007ffa9b80f000 	C:\WINDOWS\System32\KERNELBASE.dll
0x00007ffa9b060000 - 0x00007ffa9b1ab000 	C:\WINDOWS\System32\ucrtbase.dll
0x00007ffa8da90000 - 0x00007ffa8daae000 	c:\Users\sraja\.antigravity\extensions\redhat.java-1.52.0-win32-x64\jre\21.0.9-win32-x86_64\bin\VCRUNTIME140.dll
0x00007ffa8dce0000 - 0x00007ffa8dcf8000 	c:\Users\sraja\.antigravity\extensions\redhat.java-1.52.0-win32-x64\jre\21.0.9-win32-x86_64\bin\jli.dll
0x00007ffa9c770000 - 0x00007ffa9c935000 	C:\WINDOWS\System32\USER32.dll
0x00007ffa7e970000 - 0x00007ffa7ec03000 	C:\WINDOWS\WinSxS\amd64_microsoft.windows.common-controls_6595b64144ccf1df_6.0.26100.7309_none_3e05feeae336a044\COMCTL32.dll
0x00007ffa9b3f0000 - 0x00007ffa9b417000 	C:\WINDOWS\System32\win32u.dll
0x00007ffa9ce90000 - 0x00007ffa9cf39000 	C:\WINDOWS\System32\msvcrt.dll
0x00007ffa9be60000 - 0x00007ffa9be8b000 	C:\WINDOWS\System32\GDI32.dll
0x00007ffa9b820000 - 0x00007ffa9b94c000 	C:\WINDOWS\System32\gdi32full.dll
0x00007ffa9afb0000 - 0x00007ffa9b053000 	C:\WINDOWS\System32\msvcp_win.dll
0x00007ffa9be20000 - 0x00007ffa9be51000 	C:\WINDOWS\System32\IMM32.DLL
0x00007ffa96090000 - 0x00007ffa9609c000 	c:\Users\sraja\.antigravity\extensions\redhat.java-1.52.0-win32-x64\jre\21.0.9-win32-x86_64\bin\vcruntime140_1.dll
0x00007ffa57d90000 - 0x00007ffa57e1d000 	c:\Users\sraja\.antigravity\extensions\redhat.java-1.52.0-win32-x64\jre\21.0.9-win32-x86_64\bin\msvcp140.dll
0x00007ffa1c980000 - 0x00007ffa1d720000 	c:\Users\sraja\.antigravity\extensions\redhat.java-1.52.0-win32-x64\jre\21.0.9-win32-x86_64\bin\server\jvm.dll
0x00007ffa9cf40000 - 0x00007ffa9cff4000 	C:\WINDOWS\System32\ADVAPI32.dll
0x00007ffa9be90000 - 0x00007ffa9bf36000 	C:\WINDOWS\System32\sechost.dll
0x00007ffa9cd70000 - 0x00007ffa9ce88000 	C:\WINDOWS\System32\RPCRT4.dll
0x00007ffa9d440000 - 0x00007ffa9d4b4000 	C:\WINDOWS\System32\WS2_32.dll
0x00007ffa9acd0000 - 0x00007ffa9ad2e000 	C:\WINDOWS\SYSTEM32\POWRPROF.dll
0x00007ffa8bef0000 - 0x00007ffa8bf25000 	C:\WINDOWS\SYSTEM32\WINMM.dll
0x00007ffa94cf0000 - 0x00007ffa94cfb000 	C:\WINDOWS\SYSTEM32\VERSION.dll
0x00007ffa9acb0000 - 0x00007ffa9acc4000 	C:\WINDOWS\SYSTEM32\UMPDC.dll
0x00007ffa99c20000 - 0x00007ffa99c3b000 	C:\WINDOWS\SYSTEM32\kernel.appcore.dll
0x00007ffa8eb10000 - 0x00007ffa8eb1a000 	c:\Users\sraja\.antigravity\extensions\redhat.java-1.52.0-win32-x64\jre\21.0.9-win32-x86_64\bin\jimage.dll
0x00007ffa80c40000 - 0x00007ffa80e82000 	C:\WINDOWS\SYSTEM32\DBGHELP.DLL
0x00007ffa9d950000 - 0x00007ffa9dcd6000 	C:\WINDOWS\System32\combase.dll
0x00007ffa9d050000 - 0x00007ffa9d126000 	C:\WINDOWS\System32\OLEAUT32.dll
0x00007ffa61290000 - 0x00007ffa612cc000 	C:\WINDOWS\SYSTEM32\dbgcore.DLL
0x00007ffa9af00000 - 0x00007ffa9afa5000 	C:\WINDOWS\System32\bcryptPrimitives.dll
0x00007ffa91b50000 - 0x00007ffa91b5f000 	c:\Users\sraja\.antigravity\extensions\redhat.java-1.52.0-win32-x64\jre\21.0.9-win32-x86_64\bin\instrument.dll
0x00007ffa8c8b0000 - 0x00007ffa8c8d0000 	c:\Users\sraja\.antigravity\extensions\redhat.java-1.52.0-win32-x64\jre\21.0.9-win32-x86_64\bin\java.dll
0x00007ffa9bf40000 - 0x00007ffa9c693000 	C:\WINDOWS\System32\SHELL32.dll
0x00007ffa9b950000 - 0x00007ffa9baba000 	C:\WINDOWS\System32\wintypes.dll
0x00007ffa98a40000 - 0x00007ffa9929e000 	C:\WINDOWS\SYSTEM32\windows.storage.dll
0x00007ffa9bd20000 - 0x00007ffa9be15000 	C:\WINDOWS\System32\SHCORE.dll
0x00007ffa9c950000 - 0x00007ffa9c9b6000 	C:\WINDOWS\System32\shlwapi.dll
0x00007ffa9ad90000 - 0x00007ffa9adb9000 	C:\WINDOWS\SYSTEM32\profapi.dll
0x00007ffa868e0000 - 0x00007ffa868f8000 	c:\Users\sraja\.antigravity\extensions\redhat.java-1.52.0-win32-x64\jre\21.0.9-win32-x86_64\bin\zip.dll
0x00007ffa8e910000 - 0x00007ffa8e920000 	C:\Users\sraja\.antigravity\extensions\redhat.java-1.52.0-win32-x64\jre\21.0.9-win32-x86_64\bin\net.dll
0x00007ffa94bc0000 - 0x00007ffa94ce8000 	C:\WINDOWS\SYSTEM32\WINHTTP.dll
0x00007ffa9a190000 - 0x00007ffa9a1fb000 	C:\WINDOWS\system32\mswsock.dll
0x00007ffa84710000 - 0x00007ffa84726000 	C:\Users\sraja\.antigravity\extensions\redhat.java-1.52.0-win32-x64\jre\21.0.9-win32-x86_64\bin\nio.dll
0x00007ffa8e960000 - 0x00007ffa8e970000 	c:\Users\sraja\.antigravity\extensions\redhat.java-1.52.0-win32-x64\jre\21.0.9-win32-x86_64\bin\verify.dll
0x00007ffa5a790000 - 0x00007ffa5a7d5000 	C:\Users\sraja\AppData\Roaming\Antigravity\User\globalStorage\redhat.java\1.52.0\config_win\org.eclipse.equinox.launcher\org.eclipse.equinox.launcher.win32.win32.x86_64_1.2.1500.v20260121-1430\eclipse_11919.dll
0x00007ffa9c9c0000 - 0x00007ffa9cb57000 	C:\WINDOWS\System32\ole32.dll
0x00007ffa9a460000 - 0x00007ffa9a47b000 	C:\WINDOWS\SYSTEM32\CRYPTSP.dll
0x00007ffa99b80000 - 0x00007ffa99bba000 	C:\WINDOWS\system32\rsaenh.dll
0x00007ffa9a240000 - 0x00007ffa9a26b000 	C:\WINDOWS\SYSTEM32\USERENV.dll
0x00007ffa9ad60000 - 0x00007ffa9ad8a000 	C:\WINDOWS\SYSTEM32\bcrypt.dll
0x00007ffa9a450000 - 0x00007ffa9a45c000 	C:\WINDOWS\SYSTEM32\CRYPTBASE.dll
0x00007ffa995f0000 - 0x00007ffa99624000 	C:\WINDOWS\SYSTEM32\IPHLPAPI.DLL
0x00007ffa9d310000 - 0x00007ffa9d31a000 	C:\WINDOWS\System32\NSI.dll
0x00007ffa5e240000 - 0x00007ffa5e289000 	C:\Users\sraja\AppData\Local\Temp\jna--338908069\jna4325632914897630602.dll
0x00007ffa9bac0000 - 0x00007ffa9bac8000 	C:\WINDOWS\System32\PSAPI.DLL

JVMTI agents:
c:\Users\sraja\.antigravity\extensions\redhat.java-1.52.0-win32-x64\lombok\lombok-1.18.39-4050.jar path:c:\Users\sraja\.antigravity\extensions\redhat.java-1.52.0-win32-x64\jre\21.0.9-win32-x86_64\bin\instrument.dll, loaded, initialized, instrumentlib options:none

dbghelp: loaded successfully - version: 4.0.5 - missing functions: none
symbol engine: initialized successfully - sym options: 0x614 - pdb path: .;c:\Users\sraja\.antigravity\extensions\redhat.java-1.52.0-win32-x64\jre\21.0.9-win32-x86_64\bin;C:\WINDOWS\SYSTEM32;C:\WINDOWS\WinSxS\amd64_microsoft.windows.common-controls_6595b64144ccf1df_6.0.26100.7309_none_3e05feeae336a044;c:\Users\sraja\.antigravity\extensions\redhat.java-1.52.0-win32-x64\jre\21.0.9-win32-x86_64\bin\server;C:\Users\sraja\AppData\Roaming\Antigravity\User\globalStorage\redhat.java\1.52.0\config_win\org.eclipse.equinox.launcher\org.eclipse.equinox.launcher.win32.win32.x86_64_1.2.1500.v20260121-1430;C:\Users\sraja\AppData\Local\Temp\jna--338908069

VM Arguments:
jvm_args: --add-modules=ALL-SYSTEM --add-opens=java.base/java.util=ALL-UNNAMED --add-opens=java.base/java.lang=ALL-UNNAMED --add-opens=java.base/sun.nio.fs=ALL-UNNAMED -Declipse.application=org.eclipse.jdt.ls.core.id1 -Dosgi.bundles.defaultStartLevel=4 -Declipse.product=org.eclipse.jdt.ls.core.product -Djava.import.generatesMetadataFilesAtProjectRoot=false -DDetectVMInstallationsJob.disabled=true -Dfile.encoding=utf8 -XX:+UseParallelGC -XX:GCTimeRatio=4 -XX:AdaptiveSizePolicyWeight=90 -Dsun.zip.disableMemoryMapping=true -Xmx2G -Xms100m -Xlog:disable -javaagent:c:\Users\sraja\.antigravity\extensions\redhat.java-1.52.0-win32-x64\lombok\lombok-1.18.39-4050.jar -XX:+HeapDumpOnOutOfMemoryError -XX:HeapDumpPath=c:\Users\sraja\AppData\Roaming\Antigravity\User\workspaceStorage\803df240fb9edc68640fd9de25a6e12c\redhat.java -Daether.dependencyCollector.impl=bf 
java_command: c:\Users\sraja\.antigravity\extensions\redhat.java-1.52.0-win32-x64\server\plugins\org.eclipse.equinox.launcher_1.7.100.v20251111-0406.jar -configuration c:\Users\sraja\AppData\Roaming\Antigravity\User\globalStorage\redhat.java\1.52.0\config_win -data c:\Users\sraja\AppData\Roaming\Antigravity\User\workspaceStorage\803df240fb9edc68640fd9de25a6e12c\redhat.java\jdt_ws --pipe=\\.\pipe\lsp-6f508ee2948ca3b7320a338428bce945-sock
java_class_path (initial): c:\Users\sraja\.antigravity\extensions\redhat.java-1.52.0-win32-x64\server\plugins\org.eclipse.equinox.launcher_1.7.100.v20251111-0406.jar
Launcher Type: SUN_STANDARD

[Global flags]
    uintx AdaptiveSizePolicyWeight                 = 90                                        {product} {command line}
     intx CICompilerCount                          = 12                                        {product} {ergonomic}
    uintx GCTimeRatio                              = 4                                         {product} {command line}
     bool HeapDumpOnOutOfMemoryError               = true                                   {manageable} {command line}
    ccstr HeapDumpPath                             = c:\Users\sraja\AppData\Roaming\Antigravity\User\workspaceStorage\803df240fb9edc68640fd9de25a6e12c\redhat.java         {manageable} {command line}
   size_t InitialHeapSize                          = 104857600                                 {product} {command line}
   size_t MaxHeapSize                              = 2147483648                                {product} {command line}
   size_t MaxNewSize                               = 715653120                                 {product} {ergonomic}
   size_t MinHeapDeltaBytes                        = 524288                                    {product} {ergonomic}
   size_t MinHeapSize                              = 104857600                                 {product} {command line}
   size_t NewSize                                  = 34603008                                  {product} {ergonomic}
    uintx NonNMethodCodeHeapSize                   = 7602480                                {pd product} {ergonomic}
    uintx NonProfiledCodeHeapSize                  = 122027880                              {pd product} {ergonomic}
   size_t OldSize                                  = 70254592                                  {product} {ergonomic}
    uintx ProfiledCodeHeapSize                     = 122027880                              {pd product} {ergonomic}
    uintx ReservedCodeCacheSize                    = 251658240                              {pd product} {ergonomic}
     bool SegmentedCodeCache                       = true                                      {product} {ergonomic}
   size_t SoftMaxHeapSize                          = 2147483648                             {manageable} {ergonomic}
     bool UseCompressedOops                        = true                           {product lp64_product} {ergonomic}
     bool UseLargePagesIndividualAllocation        = false                                  {pd product} {ergonomic}
     bool UseParallelGC                            = true                                      {product} {command line}

Logging:
Log output configuration:
 #0: stdout all=off uptime,level,tags foldmultilines=false
 #1: stderr all=off uptime,level,tags foldmultilines=false

Release file:
JAVA_VERSION="21.0.9" 
MODULES="java.base java.compiler java.datatransfer java.xml java.prefs java.desktop java.instrument java.logging java.management java.security.sasl java.naming java.rmi java.management.rmi java.net.http java.scripting java.security.jgss java.transaction.xa java.sql java.sql.rowset java.xml.crypto java.se java.smartcardio jdk.accessibility jdk.internal.jvmstat jdk.attach jdk.charsets jdk.internal.opt jdk.zipfs jdk.compiler jdk.crypto.ec jdk.crypto.cryptoki jdk.crypto.mscapi jdk.dynalink jdk.internal.ed jdk.editpad jdk.hotspot.agent jdk.httpserver jdk.internal.le jdk.internal.vm.ci jdk.internal.vm.compiler jdk.internal.vm.compiler.management jdk.jartool jdk.javadoc jdk.jcmd jdk.management jdk.management.agent jdk.jconsole jdk.jdeps jdk.jdwp.agent jdk.jdi jdk.jfr jdk.jshell jdk.jsobject jdk.jstatd jdk.localedata jdk.management.jfr jdk.naming.dns jdk.naming.rmi jdk.net jdk.nio.mapmode jdk.random jdk.sctp jdk.security.auth jdk.security.jgss jdk.unsupported jdk.unsupported.desktop jdk.xml.dom" 

Environment Variables:
JAVA_HOME=C:\Program Files\Microsoft\jdk-17.0.17.10-hotspot\
PATH=C:\Program Files\Microsoft\jdk-17.0.17.10-hotspot\bin;C:\WINDOWS\system32;C:\WINDOWS;C:\WINDOWS\System32\Wbem;C:\WINDOWS\System32\WindowsPowerShell\v1.0\;C:\WINDOWS\System32\OpenSSH\;C:\Program Files\dotnet\;C:\Program Files\IBM\SPSS\Statistics\25\JRE\bin;C:\Program Files\nodejs\;C:\Program Files\Git\cmd;C:\Program Files\Docker\Docker\resources\bin;C:\Program Files\PowerShell\7-preview\preview;C:\Program Files\NVIDIA Corporation\NVIDIA App\NvDLISR;C:\Program Files (x86)\NVIDIA Corporation\PhysX\Common;C:\Program Files (x86)\ASUS\ASUS Secure Auto-Backup\2.0.9.6\;C:\Users\sraja\AppData\Local\Microsoft\WindowsApps;C:\texlive\2024\bin\windows;C:\Users\sraja\AppData\Roaming\npm;C:\Users\sraja\.lmstudio\bin;C:\Users\sraja\AppData\Local\Programs\Microsoft VS Code\bin;C:\Users\sraja\.dotnet\tools;C:\Users\sraja\AppData\Local\Google\Cloud SDK\google-cloud-sdk\bin;C:\Users\sraja\AppData\Local\Programs\Antigravity\bin
USERNAME=Rajakumaran
OS=Windows_NT
PROCESSOR_IDENTIFIER=AMD64 Family 25 Model 68 Stepping 1, AuthenticAMD
TMP=C:\Users\sraja\AppData\Local\Temp
TEMP=C:\Users\sraja\AppData\Local\Temp




Periodic native trim disabled

---------------  S Y S T E M  ---------------

OS:
 Windows 11 , 64 bit Build 26100 (10.0.26100.7623)
OS uptime: 19 days 23:16 hours
Hyper-V role detected

CPU: total 16 (initial active 16) (16 cores per cpu, 2 threads per core) family 25 model 68 stepping 1 microcode 0xa404107, cx8, cmov, fxsr, ht, mmx, 3dnowpref, sse, sse2, sse3, ssse3, sse4a, sse4.1, sse4.2, popcnt, lzcnt, tsc, tscinvbit, avx, avx2, aes, erms, clmul, bmi1, bmi2, adx, sha, fma, vzeroupper, clflush, clflushopt, hv, rdtscp, rdpid, fsrm, f16c, cet_ss
Processor Information for the first 16 processors :
  Max Mhz: 3100, Current Mhz: 3100, Mhz Limit: 3100

Memory: 4k page, system-wide physical 16200M (892M free)
TotalPageFile size 65352M (AvailPageFile size 9M)
current process WorkingSet (physical memory assigned to process): 155M, peak: 158M
current process commit charge ("private bytes"): 300M, peak: 303M

vm_info: OpenJDK 64-Bit Server VM (21.0.9+10-LTS) for windows-amd64 JRE (21.0.9+10-LTS), built on 2025-10-21T00:00:00Z by "admin" with unknown MS VC++:1942

END.
