#
# There is insufficient memory for the Java Runtime Environment to continue.
# Native memory allocation (malloc) failed to allocate 1476976 bytes. Error detail: Chunk::new
# Possible reasons:
#   The system is out of physical RAM or swap space
#   This process is running with CompressedOops enabled, and the Java Heap may be blocking the growth of the native heap
# Possible solutions:
#   Reduce memory load on the system
#   Increase physical memory or swap space
#   Check if swap backing store is full
#   Decrease Java heap size (-Xmx/-Xms)
#   Decrease number of Java threads
#   Decrease Java thread stack sizes (-Xss)
#   Set larger code cache with -XX:ReservedCodeCacheSize=
#   JVM is running with Unscaled Compressed Oops mode in which the Java heap is
#     placed in the first 4GB address space. The Java Heap base address is the
#     maximum limit for the native heap growth. Please use -XX:HeapBaseMinAddress
#     to set the Java Heap base and to place the Java Heap above 4GB virtual address.
# This output file may be truncated or incomplete.
#
#  Out of Memory Error (arena.cpp:168), pid=83688, tid=35176
#
# JRE version: OpenJDK Runtime Environment Temurin-21.0.9+10 (21.0.9+10) (build 21.0.9+10-LTS)
# Java VM: OpenJDK 64-Bit Server VM Temurin-21.0.9+10 (21.0.9+10-LTS, mixed mode, sharing, tiered, compressed oops, compressed class ptrs, parallel gc, windows-amd64)
# No core dump will be written. Minidumps are not enabled by default on client versions of Windows
#

---------------  S U M M A R Y ------------

Command Line: --add-modules=ALL-SYSTEM --add-opens=java.base/java.util=ALL-UNNAMED --add-opens=java.base/java.lang=ALL-UNNAMED --add-opens=java.base/sun.nio.fs=ALL-UNNAMED -Declipse.application=org.eclipse.jdt.ls.core.id1 -Dosgi.bundles.defaultStartLevel=4 -Declipse.product=org.eclipse.jdt.ls.core.product -Djava.import.generatesMetadataFilesAtProjectRoot=false -DDetectVMInstallationsJob.disabled=true -Dfile.encoding=utf8 -XX:+UseParallelGC -XX:GCTimeRatio=4 -XX:AdaptiveSizePolicyWeight=90 -Dsun.zip.disableMemoryMapping=true -Xmx2G -Xms100m -Xlog:disable -javaagent:c:\Users\sraja\.antigravity\extensions\redhat.java-1.52.0-win32-x64\lombok\lombok-1.18.39-4050.jar c:\Users\sraja\.antigravity\extensions\redhat.java-1.52.0-win32-x64\server\plugins\org.eclipse.equinox.launcher_1.7.100.v20251111-0406.jar -configuration c:\Users\sraja\AppData\Roaming\Antigravity\User\globalStorage\redhat.java\1.52.0\config_ss_win -data c:\Users\sraja\AppData\Roaming\Antigravity\User\workspaceStorage\803df240fb9edc68640fd9de25a6e12c\redhat.java\ss_ws --pipe=\\.\pipe\lsp-c6eeb2d78ea75e2da8fc560786c288fa-sock

Host: AMD Ryzen 7 7435HS                             , 16 cores, 15G,  Windows 11 , 64 bit Build 26100 (10.0.26100.7623)
Time: Tue Feb  3 14:14:21 2026 India Standard Time elapsed time: 10.896914 seconds (0d 0h 0m 10s)

---------------  T H R E A D  ---------------

Current thread (0x000001a3db816280):  JavaThread "C2 CompilerThread0" daemon [_thread_in_native, id=35176, stack(0x0000006ac5700000,0x0000006ac5800000) (1024K)]


Current CompileTask:
C2:10896 2981       4       java.lang.invoke.MethodType::makeImpl (109 bytes)

Stack: [0x0000006ac5700000,0x0000006ac5800000]
Native frames: (J=compiled Java code, j=interpreted, Vv=VM code, C=native code)
V  [jvm.dll+0x6d6e29]
V  [jvm.dll+0x8b4b76]
V  [jvm.dll+0x8b712e]
V  [jvm.dll+0x8b7813]
V  [jvm.dll+0x283d86]
V  [jvm.dll+0xc66ed]
V  [jvm.dll+0xc6c31]
V  [jvm.dll+0x3be501]
V  [jvm.dll+0x38ab92]
V  [jvm.dll+0x389fda]
V  [jvm.dll+0x24bfa0]
V  [jvm.dll+0x24b580]
V  [jvm.dll+0x1cb13e]
V  [jvm.dll+0x25b29d]
V  [jvm.dll+0x25982a]
V  [jvm.dll+0x3f7ea6]
V  [jvm.dll+0x85e9ad]
V  [jvm.dll+0x6d565d]
C  [ucrtbase.dll+0x37b0]
C  [KERNEL32.DLL+0x2e8d7]
C  [ntdll.dll+0x8c53c]


---------------  P R O C E S S  ---------------

Threads class SMR info:
_java_thread_list=0x000001a3dba92f60, length=22, elements={
0x000001a3829dc720, 0x000001a38298db50, 0x000001a382a81290, 0x000001a382a851b0,
0x000001a382a873c0, 0x000001a382a892d0, 0x000001a382a8fc80, 0x000001a3db816280,
0x000001a3db819df0, 0x000001a3dba759f0, 0x000001a3dba76080, 0x000001a3dba74640,
0x000001a3dba76da0, 0x000001a3dba76710, 0x000001a3dba74cd0, 0x000001a3dba73fb0,
0x000001a3dba75360, 0x000001a3e2566290, 0x000001a3e2aa5e50, 0x000001a3e3a89c80,
0x000001a3e3ef17a0, 0x000001a3e23767e0
}

Java Threads: ( => current thread )
  0x000001a3829dc720 JavaThread "main"                              [_thread_blocked, id=48776, stack(0x0000006ac4d00000,0x0000006ac4e00000) (1024K)]
  0x000001a38298db50 JavaThread "Reference Handler"          daemon [_thread_blocked, id=1780, stack(0x0000006ac5100000,0x0000006ac5200000) (1024K)]
  0x000001a382a81290 JavaThread "Finalizer"                  daemon [_thread_blocked, id=87336, stack(0x0000006ac5200000,0x0000006ac5300000) (1024K)]
  0x000001a382a851b0 JavaThread "Signal Dispatcher"          daemon [_thread_blocked, id=98664, stack(0x0000006ac5300000,0x0000006ac5400000) (1024K)]
  0x000001a382a873c0 JavaThread "Attach Listener"            daemon [_thread_blocked, id=99068, stack(0x0000006ac5400000,0x0000006ac5500000) (1024K)]
  0x000001a382a892d0 JavaThread "Service Thread"             daemon [_thread_blocked, id=14404, stack(0x0000006ac5500000,0x0000006ac5600000) (1024K)]
  0x000001a382a8fc80 JavaThread "Monitor Deflation Thread"   daemon [_thread_blocked, id=46520, stack(0x0000006ac5600000,0x0000006ac5700000) (1024K)]
=>0x000001a3db816280 JavaThread "C2 CompilerThread0"         daemon [_thread_in_native, id=35176, stack(0x0000006ac5700000,0x0000006ac5800000) (1024K)]
  0x000001a3db819df0 JavaThread "C1 CompilerThread0"         daemon [_thread_blocked, id=104348, stack(0x0000006ac5800000,0x0000006ac5900000) (1024K)]
  0x000001a3dba759f0 JavaThread "Common-Cleaner"             daemon [_thread_blocked, id=47492, stack(0x0000006ac5c00000,0x0000006ac5d00000) (1024K)]
  0x000001a3dba76080 JavaThread "Notification Thread"        daemon [_thread_blocked, id=82076, stack(0x0000006ac5f00000,0x0000006ac6000000) (1024K)]
  0x000001a3dba74640 JavaThread "Active Thread: Equinox Container: 08f684ff-6743-47a0-97b5-d87c57b71120"        [_thread_blocked, id=99612, stack(0x0000006ac6600000,0x0000006ac6700000) (1024K)]
  0x000001a3dba76da0 JavaThread "Framework Event Dispatcher: Equinox Container: 08f684ff-6743-47a0-97b5-d87c57b71120" daemon [_thread_blocked, id=104160, stack(0x0000006ac6800000,0x0000006ac6900000) (1024K)]
  0x000001a3dba76710 JavaThread "Start Level: Equinox Container: 08f684ff-6743-47a0-97b5-d87c57b71120" daemon [_thread_in_vm, id=50908, stack(0x0000006ac6900000,0x0000006ac6a00000) (1024K)]
  0x000001a3dba74cd0 JavaThread "SCR Component Actor"        daemon [_thread_blocked, id=48748, stack(0x0000006ac5a00000,0x0000006ac5b00000) (1024K)]
  0x000001a3dba73fb0 JavaThread "Worker-JM"                         [_thread_blocked, id=45104, stack(0x0000006ac5b00000,0x0000006ac5c00000) (1024K)]
  0x000001a3dba75360 JavaThread "Worker-0"                          [_thread_blocked, id=15748, stack(0x0000006ac6d00000,0x0000006ac6e00000) (1024K)]
  0x000001a3e2566290 JavaThread "Worker-1"                          [_thread_blocked, id=89672, stack(0x0000006ac6e00000,0x0000006ac6f00000) (1024K)]
  0x000001a3e2aa5e50 JavaThread "C1 CompilerThread1"         daemon [_thread_blocked, id=76768, stack(0x0000006ac5900000,0x0000006ac5a00000) (1024K)]
  0x000001a3e3a89c80 JavaThread "C1 CompilerThread2"         daemon [_thread_blocked, id=16876, stack(0x0000006ac5d00000,0x0000006ac5e00000) (1024K)]
  0x000001a3e3ef17a0 JavaThread "C2 CompilerThread1"         daemon [_thread_blocked, id=99936, stack(0x0000006ac5e00000,0x0000006ac5f00000) (1024K)]
  0x000001a3e23767e0 JavaThread "C2 CompilerThread2"         daemon [_thread_blocked, id=87924, stack(0x0000006ac6c00000,0x0000006ac6d00000) (1024K)]
Total: 22

Other Threads:
  0x000001a382971c80 VMThread "VM Thread"                           [id=72120, stack(0x0000006ac5000000,0x0000006ac5100000) (1024K)]
  0x000001a38286ca00 WatcherThread "VM Periodic Task Thread"        [id=68288, stack(0x0000006ac4f00000,0x0000006ac5000000) (1024K)]
  0x000001a3829fa2e0 WorkerThread "GC Thread#0"                     [id=37620, stack(0x0000006ac4e00000,0x0000006ac4f00000) (1024K)]
  0x000001a3dd6baa40 WorkerThread "GC Thread#1"                     [id=102168, stack(0x0000006ac6000000,0x0000006ac6100000) (1024K)]
  0x000001a3dd6bade0 WorkerThread "GC Thread#2"                     [id=68420, stack(0x0000006ac6100000,0x0000006ac6200000) (1024K)]
  0x000001a3dd762380 WorkerThread "GC Thread#3"                     [id=36248, stack(0x0000006ac6200000,0x0000006ac6300000) (1024K)]
  0x000001a3dd75cb50 WorkerThread "GC Thread#4"                     [id=98832, stack(0x0000006ac6300000,0x0000006ac6400000) (1024K)]
  0x000001a3dd75cef0 WorkerThread "GC Thread#5"                     [id=99204, stack(0x0000006ac6400000,0x0000006ac6500000) (1024K)]
  0x000001a3dd75d290 WorkerThread "GC Thread#6"                     [id=98716, stack(0x0000006ac6500000,0x0000006ac6600000) (1024K)]
  0x000001a3dd6657f0 WorkerThread "GC Thread#7"                     [id=70964, stack(0x0000006ac6700000,0x0000006ac6800000) (1024K)]
  0x000001a3e2254590 WorkerThread "GC Thread#8"                     [id=50784, stack(0x0000006ac6a00000,0x0000006ac6b00000) (1024K)]
  0x000001a3e2253370 WorkerThread "GC Thread#9"                     [id=71672, stack(0x0000006ac6b00000,0x0000006ac6c00000) (1024K)]
  0x000001a3e2253e50 WorkerThread "GC Thread#10"                    [id=19400, stack(0x0000006ac6f00000,0x0000006ac7000000) (1024K)]
  0x000001a3e2252fd0 WorkerThread "GC Thread#11"                    [id=80700, stack(0x0000006ac7000000,0x0000006ac7100000) (1024K)]
  0x000001a3e2253710 WorkerThread "GC Thread#12"                    [id=77984, stack(0x0000006ac7100000,0x0000006ac7200000) (1024K)]
Total: 15

Threads with active compile tasks:
C2 CompilerThread0  10926 2981       4       java.lang.invoke.MethodType::makeImpl (109 bytes)
Total: 1

VM state: not at safepoint (normal execution)

VM Mutex/Monitor currently owned by a thread:  ([mutex/lock_event])
[0x00007ffa1d63dbf0] SystemDictionary_lock - owner thread: 0x0000000000000000

Heap address: 0x0000000080000000, size: 2048 MB, Compressed Oops mode: 32-bit

CDS archive(s) mapped at: [0x000001a39a000000-0x000001a39aba0000-0x000001a39aba0000), size 12189696, SharedBaseAddress: 0x000001a39a000000, ArchiveRelocationMode: 1.
Compressed class space mapped at: 0x000001a39b000000-0x000001a3db000000, reserved size: 1073741824
Narrow klass base: 0x000001a39a000000, Narrow klass shift: 0, Narrow klass range: 0x100000000

GC Precious Log:
 CardTable entry size: 512
 CPUs: 16 total, 16 available
 Memory: 16200M
 Large Page Support: Disabled
 NUMA Support: Disabled
 Compressed Oops: Enabled (32-bit)
 Alignments: Space 512K, Generation 512K, Heap 2M
 Heap Min Capacity: 100M
 Heap Initial Capacity: 100M
 Heap Max Capacity: 2G
 Pre-touch: Disabled
 Parallel Workers: 13

Heap:
 PSYoungGen      total 29696K, used 10137K [0x00000000d5580000, 0x00000000d7b00000, 0x0000000100000000)
  eden space 24064K, 42% used [0x00000000d5580000,0x00000000d5f667b0,0x00000000d6d00000)
  from space 5632K, 0% used [0x00000000d7380000,0x00000000d7380000,0x00000000d7900000)
  to   space 6656K, 0% used [0x00000000d6d00000,0x00000000d6d00000,0x00000000d7380000)
 ParOldGen       total 68608K, used 10074K [0x0000000080000000, 0x0000000084300000, 0x00000000d5580000)
  object space 68608K, 14% used [0x0000000080000000,0x00000000809d6888,0x0000000084300000)
 Metaspace       used 22183K, committed 22848K, reserved 1114112K
  class space    used 2118K, committed 2432K, reserved 1048576K

Card table byte_map: [0x000001a382380000,0x000001a382790000] _byte_map_base: 0x000001a381f80000

Marking Bits: (ParMarkBitMap*) 0x00007ffa1d642460
 Begin Bits: [0x000001a394e90000, 0x000001a396e90000)
 End Bits:   [0x000001a396e90000, 0x000001a398e90000)

Polling page: 0x000001a3805f0000

Metaspace:

Usage:
  Non-class:     19.59 MB used.
      Class:      2.07 MB used.
       Both:     21.66 MB used.

Virtual space:
  Non-class space:       64.00 MB reserved,      19.94 MB ( 31%) committed,  1 nodes.
      Class space:        1.00 GB reserved,       2.38 MB ( <1%) committed,  1 nodes.
             Both:        1.06 GB reserved,      22.31 MB (  2%) committed. 

Chunk freelists:
   Non-Class:  11.89 MB
       Class:  13.47 MB
        Both:  25.36 MB

MaxMetaspaceSize: unlimited
CompressedClassSpaceSize: 1.00 GB
Initial GC threshold: 21.00 MB
Current GC threshold: 35.00 MB
CDS: on
 - commit_granule_bytes: 65536.
 - commit_granule_words: 8192.
 - virtual_space_node_default_size: 8388608.
 - enlarge_chunks_in_place: 1.
 - use_allocation_guard: 0.


Internal statistics:

num_allocs_failed_limit: 3.
num_arena_births: 494.
num_arena_deaths: 14.
num_vsnodes_births: 2.
num_vsnodes_deaths: 0.
num_space_committed: 357.
num_space_uncommitted: 0.
num_chunks_returned_to_freelist: 17.
num_chunks_taken_from_freelist: 1330.
num_chunk_merges: 9.
num_chunk_splits: 868.
num_chunks_enlarged: 555.
num_inconsistent_stats: 0.

CodeHeap 'non-profiled nmethods': size=119168Kb used=1362Kb max_used=1362Kb free=117805Kb
 bounds [0x000001a38d780000, 0x000001a38d9f0000, 0x000001a394be0000]
CodeHeap 'profiled nmethods': size=119104Kb used=6136Kb max_used=6136Kb free=112968Kb
 bounds [0x000001a385be0000, 0x000001a3861e0000, 0x000001a38d030000]
CodeHeap 'non-nmethods': size=7488Kb used=2440Kb max_used=3015Kb free=5048Kb
 bounds [0x000001a38d030000, 0x000001a38d330000, 0x000001a38d780000]
CodeCache: size=245760Kb, used=9938Kb, max_used=10513Kb, free=235821Kb
 total_blobs=3637, nmethods=3040, adapters=501, full_count=0
Compilation: enabled, stopped_count=0, restarted_count=0

Compilation events (20 events):
Event: 9.874 Thread 0x000001a3db819df0 3017  s    3       sun.nio.fs.WindowsDirectoryStream$WindowsDirectoryIterator::hasNext (35 bytes)
Event: 9.874 Thread 0x000001a3e3a89c80 nmethod 3015 0x000001a3861cad10 code [0x000001a3861caee0, 0x000001a3861cb0e8]
Event: 9.874 Thread 0x000001a3e3a89c80 3019       3       sun.nio.fs.WindowsFileAttributes::fromFindData (127 bytes)
Event: 9.874 Thread 0x000001a3db819df0 nmethod 3017 0x000001a3861cb210 code [0x000001a3861cb3c0, 0x000001a3861cb6a0]
Event: 9.874 Thread 0x000001a3db819df0 3020   !   3       sun.nio.fs.WindowsDirectoryStream$WindowsDirectoryIterator::acceptEntry (71 bytes)
Event: 9.874 Thread 0x000001a3e3a89c80 nmethod 3019 0x000001a3861cb790 code [0x000001a3861cb9a0, 0x000001a3861cbfc0]
Event: 9.875 Thread 0x000001a3e2aa5e50 nmethod 3014 0x000001a3861cc290 code [0x000001a3861cc540, 0x000001a3861cd260]
Event: 9.875 Thread 0x000001a3dd223f30 nmethod 3018 0x000001a3861cd790 code [0x000001a3861cda60, 0x000001a3861ce670]
Event: 9.875 Thread 0x000001a3e2aa5e50 3021   !   3       sun.nio.fs.WindowsPath::createFromNormalizedPath (65 bytes)
Event: 9.875 Thread 0x000001a3e3a89c80 3022       3       sun.nio.fs.WindowsPathParser::parseNormalizedPath (6 bytes)
Event: 9.875 Thread 0x000001a3db819df0 nmethod 3020 0x000001a3861ced10 code [0x000001a3861cef60, 0x000001a3861cf700]
Event: 9.875 Thread 0x000001a3e3a89c80 nmethod 3022 0x000001a3861cfb10 code [0x000001a3861cfcc0, 0x000001a3861cfde0]
Event: 9.875 Thread 0x000001a3dd223f30 3023       3       sun.nio.fs.WindowsPath$WindowsPathWithAttributes::<init> (23 bytes)
Event: 9.875 Thread 0x000001a3e2aa5e50 nmethod 3021 0x000001a3861cfe90 code [0x000001a3861d00c0, 0x000001a3861d0730]
Event: 9.875 Thread 0x000001a3dd223f30 nmethod 3023 0x000001a3861d0a90 code [0x000001a3861d0c60, 0x000001a3861d10d8]
Event: 9.882 Thread 0x000001a3dd223f30 3025       3       java.lang.invoke.LambdaForm::methodType (48 bytes)
Event: 9.883 Thread 0x000001a3dd223f30 nmethod 3025 0x000001a3861d1310 code [0x000001a3861d1500, 0x000001a3861d1aa0]
Event: 10.020 Thread 0x000001a3db819df0 3026       3       java.lang.Thread::isVirtual (5 bytes)
Event: 10.021 Thread 0x000001a3db819df0 nmethod 3026 0x000001a3861d1d90 code [0x000001a3861d1f40, 0x000001a3861d2148]
Event: 10.623 Thread 0x000001a3e3a89c80 3027       3       jdk.internal.misc.Unsafe::weakCompareAndSetReference (11 bytes)

GC Heap History (14 events):
Event: 0.928 GC heap before
{Heap before GC invocations=1 (full 0):
 PSYoungGen      total 29696K, used 25600K [0x00000000d5580000, 0x00000000d7680000, 0x0000000100000000)
  eden space 25600K, 100% used [0x00000000d5580000,0x00000000d6e80000,0x00000000d6e80000)
  from space 4096K, 0% used [0x00000000d7280000,0x00000000d7280000,0x00000000d7680000)
  to   space 4096K, 0% used [0x00000000d6e80000,0x00000000d6e80000,0x00000000d7280000)
 ParOldGen       total 68608K, used 0K [0x0000000080000000, 0x0000000084300000, 0x00000000d5580000)
  object space 68608K, 0% used [0x0000000080000000,0x0000000080000000,0x0000000084300000)
 Metaspace       used 4139K, committed 4416K, reserved 1114112K
  class space    used 452K, committed 576K, reserved 1048576K
}
Event: 0.939 GC heap after
{Heap after GC invocations=1 (full 0):
 PSYoungGen      total 29696K, used 3708K [0x00000000d5580000, 0x00000000d7680000, 0x0000000100000000)
  eden space 25600K, 0% used [0x00000000d5580000,0x00000000d5580000,0x00000000d6e80000)
  from space 4096K, 90% used [0x00000000d6e80000,0x00000000d721f000,0x00000000d7280000)
  to   space 4096K, 0% used [0x00000000d7280000,0x00000000d7280000,0x00000000d7680000)
 ParOldGen       total 68608K, used 16K [0x0000000080000000, 0x0000000084300000, 0x00000000d5580000)
  object space 68608K, 0% used [0x0000000080000000,0x0000000080004000,0x0000000084300000)
 Metaspace       used 4139K, committed 4416K, reserved 1114112K
  class space    used 452K, committed 576K, reserved 1048576K
}
Event: 1.782 GC heap before
{Heap before GC invocations=2 (full 0):
 PSYoungGen      total 29696K, used 29308K [0x00000000d5580000, 0x00000000d7680000, 0x0000000100000000)
  eden space 25600K, 100% used [0x00000000d5580000,0x00000000d6e80000,0x00000000d6e80000)
  from space 4096K, 90% used [0x00000000d6e80000,0x00000000d721f000,0x00000000d7280000)
  to   space 4096K, 0% used [0x00000000d7280000,0x00000000d7280000,0x00000000d7680000)
 ParOldGen       total 68608K, used 16K [0x0000000080000000, 0x0000000084300000, 0x00000000d5580000)
  object space 68608K, 0% used [0x0000000080000000,0x0000000080004000,0x0000000084300000)
 Metaspace       used 7973K, committed 8256K, reserved 1114112K
  class space    used 830K, committed 960K, reserved 1048576K
}
Event: 1.788 GC heap after
{Heap after GC invocations=2 (full 0):
 PSYoungGen      total 29696K, used 4064K [0x00000000d5580000, 0x00000000d7680000, 0x0000000100000000)
  eden space 25600K, 0% used [0x00000000d5580000,0x00000000d5580000,0x00000000d6e80000)
  from space 4096K, 99% used [0x00000000d7280000,0x00000000d7678138,0x00000000d7680000)
  to   space 4096K, 0% used [0x00000000d6e80000,0x00000000d6e80000,0x00000000d7280000)
 ParOldGen       total 68608K, used 1077K [0x0000000080000000, 0x0000000084300000, 0x00000000d5580000)
  object space 68608K, 1% used [0x0000000080000000,0x000000008010d738,0x0000000084300000)
 Metaspace       used 7973K, committed 8256K, reserved 1114112K
  class space    used 830K, committed 960K, reserved 1048576K
}
Event: 3.452 GC heap before
{Heap before GC invocations=3 (full 0):
 PSYoungGen      total 29696K, used 29664K [0x00000000d5580000, 0x00000000d7680000, 0x0000000100000000)
  eden space 25600K, 100% used [0x00000000d5580000,0x00000000d6e80000,0x00000000d6e80000)
  from space 4096K, 99% used [0x00000000d7280000,0x00000000d7678138,0x00000000d7680000)
  to   space 4096K, 0% used [0x00000000d6e80000,0x00000000d6e80000,0x00000000d7280000)
 ParOldGen       total 68608K, used 1077K [0x0000000080000000, 0x0000000084300000, 0x00000000d5580000)
  object space 68608K, 1% used [0x0000000080000000,0x000000008010d738,0x0000000084300000)
 Metaspace       used 12745K, committed 13248K, reserved 1114112K
  class space    used 1347K, committed 1600K, reserved 1048576K
}
Event: 3.456 GC heap after
{Heap after GC invocations=3 (full 0):
 PSYoungGen      total 29696K, used 4083K [0x00000000d5580000, 0x00000000d7680000, 0x0000000100000000)
  eden space 25600K, 0% used [0x00000000d5580000,0x00000000d5580000,0x00000000d6e80000)
  from space 4096K, 99% used [0x00000000d6e80000,0x00000000d727cd10,0x00000000d7280000)
  to   space 4096K, 0% used [0x00000000d7280000,0x00000000d7280000,0x00000000d7680000)
 ParOldGen       total 68608K, used 2670K [0x0000000080000000, 0x0000000084300000, 0x00000000d5580000)
  object space 68608K, 3% used [0x0000000080000000,0x000000008029bb50,0x0000000084300000)
 Metaspace       used 12745K, committed 13248K, reserved 1114112K
  class space    used 1347K, committed 1600K, reserved 1048576K
}
Event: 4.402 GC heap before
{Heap before GC invocations=4 (full 0):
 PSYoungGen      total 29696K, used 29683K [0x00000000d5580000, 0x00000000d7680000, 0x0000000100000000)
  eden space 25600K, 100% used [0x00000000d5580000,0x00000000d6e80000,0x00000000d6e80000)
  from space 4096K, 99% used [0x00000000d6e80000,0x00000000d727cd10,0x00000000d7280000)
  to   space 4096K, 0% used [0x00000000d7280000,0x00000000d7280000,0x00000000d7680000)
 ParOldGen       total 68608K, used 2670K [0x0000000080000000, 0x0000000084300000, 0x00000000d5580000)
  object space 68608K, 3% used [0x0000000080000000,0x000000008029bb50,0x0000000084300000)
 Metaspace       used 16048K, committed 16704K, reserved 1114112K
  class space    used 1661K, committed 1920K, reserved 1048576K
}
Event: 4.407 GC heap after
{Heap after GC invocations=4 (full 0):
 PSYoungGen      total 29696K, used 4083K [0x00000000d5580000, 0x00000000d7680000, 0x0000000100000000)
  eden space 25600K, 0% used [0x00000000d5580000,0x00000000d5580000,0x00000000d6e80000)
  from space 4096K, 99% used [0x00000000d7280000,0x00000000d767cf98,0x00000000d7680000)
  to   space 4096K, 0% used [0x00000000d6e80000,0x00000000d6e80000,0x00000000d7280000)
 ParOldGen       total 68608K, used 5857K [0x0000000080000000, 0x0000000084300000, 0x00000000d5580000)
  object space 68608K, 8% used [0x0000000080000000,0x00000000805b8600,0x0000000084300000)
 Metaspace       used 16048K, committed 16704K, reserved 1114112K
  class space    used 1661K, committed 1920K, reserved 1048576K
}
Event: 8.840 GC heap before
{Heap before GC invocations=5 (full 0):
 PSYoungGen      total 29696K, used 29683K [0x00000000d5580000, 0x00000000d7680000, 0x0000000100000000)
  eden space 25600K, 100% used [0x00000000d5580000,0x00000000d6e80000,0x00000000d6e80000)
  from space 4096K, 99% used [0x00000000d7280000,0x00000000d767cf98,0x00000000d7680000)
  to   space 4096K, 0% used [0x00000000d6e80000,0x00000000d6e80000,0x00000000d7280000)
 ParOldGen       total 68608K, used 5857K [0x0000000080000000, 0x0000000084300000, 0x00000000d5580000)
  object space 68608K, 8% used [0x0000000080000000,0x00000000805b8600,0x0000000084300000)
 Metaspace       used 19756K, committed 20416K, reserved 1114112K
  class space    used 1931K, committed 2240K, reserved 1048576K
}
Event: 8.843 GC heap after
{Heap after GC invocations=5 (full 0):
 PSYoungGen      total 29184K, used 4086K [0x00000000d5580000, 0x00000000d7900000, 0x0000000100000000)
  eden space 25088K, 0% used [0x00000000d5580000,0x00000000d5580000,0x00000000d6e00000)
  from space 4096K, 99% used [0x00000000d6e80000,0x00000000d727d970,0x00000000d7280000)
  to   space 5632K, 0% used [0x00000000d7380000,0x00000000d7380000,0x00000000d7900000)
 ParOldGen       total 68608K, used 6145K [0x0000000080000000, 0x0000000084300000, 0x00000000d5580000)
  object space 68608K, 8% used [0x0000000080000000,0x0000000080600600,0x0000000084300000)
 Metaspace       used 19756K, committed 20416K, reserved 1114112K
  class space    used 1931K, committed 2240K, reserved 1048576K
}
Event: 9.619 GC heap before
{Heap before GC invocations=6 (full 0):
 PSYoungGen      total 29184K, used 24333K [0x00000000d5580000, 0x00000000d7900000, 0x0000000100000000)
  eden space 25088K, 80% used [0x00000000d5580000,0x00000000d6945d90,0x00000000d6e00000)
  from space 4096K, 99% used [0x00000000d6e80000,0x00000000d727d970,0x00000000d7280000)
  to   space 5632K, 0% used [0x00000000d7380000,0x00000000d7380000,0x00000000d7900000)
 ParOldGen       total 68608K, used 6145K [0x0000000080000000, 0x0000000084300000, 0x00000000d5580000)
  object space 68608K, 8% used [0x0000000080000000,0x0000000080600600,0x0000000084300000)
 Metaspace       used 20863K, committed 21504K, reserved 1114112K
  class space    used 1999K, committed 2304K, reserved 1048576K
}
Event: 9.621 GC heap after
{Heap after GC invocations=6 (full 0):
 PSYoungGen      total 29696K, used 5619K [0x00000000d5580000, 0x00000000d7b00000, 0x0000000100000000)
  eden space 24064K, 0% used [0x00000000d5580000,0x00000000d5580000,0x00000000d6d00000)
  from space 5632K, 99% used [0x00000000d7380000,0x00000000d78fcee8,0x00000000d7900000)
  to   space 6656K, 0% used [0x00000000d6d00000,0x00000000d6d00000,0x00000000d7380000)
 ParOldGen       total 68608K, used 6460K [0x0000000080000000, 0x0000000084300000, 0x00000000d5580000)
  object space 68608K, 9% used [0x0000000080000000,0x000000008064f338,0x0000000084300000)
 Metaspace       used 20863K, committed 21504K, reserved 1114112K
  class space    used 1999K, committed 2304K, reserved 1048576K
}
Event: 9.621 GC heap before
{Heap before GC invocations=7 (full 1):
 PSYoungGen      total 29696K, used 5619K [0x00000000d5580000, 0x00000000d7b00000, 0x0000000100000000)
  eden space 24064K, 0% used [0x00000000d5580000,0x00000000d5580000,0x00000000d6d00000)
  from space 5632K, 99% used [0x00000000d7380000,0x00000000d78fcee8,0x00000000d7900000)
  to   space 6656K, 0% used [0x00000000d6d00000,0x00000000d6d00000,0x00000000d7380000)
 ParOldGen       total 68608K, used 6460K [0x0000000080000000, 0x0000000084300000, 0x00000000d5580000)
  object space 68608K, 9% used [0x0000000080000000,0x000000008064f338,0x0000000084300000)
 Metaspace       used 20863K, committed 21504K, reserved 1114112K
  class space    used 1999K, committed 2304K, reserved 1048576K
}
Event: 9.644 GC heap after
{Heap after GC invocations=7 (full 1):
 PSYoungGen      total 29696K, used 0K [0x00000000d5580000, 0x00000000d7b00000, 0x0000000100000000)
  eden space 24064K, 0% used [0x00000000d5580000,0x00000000d5580000,0x00000000d6d00000)
  from space 5632K, 0% used [0x00000000d7380000,0x00000000d7380000,0x00000000d7900000)
  to   space 6656K, 0% used [0x00000000d6d00000,0x00000000d6d00000,0x00000000d7380000)
 ParOldGen       total 68608K, used 10074K [0x0000000080000000, 0x0000000084300000, 0x00000000d5580000)
  object space 68608K, 14% used [0x0000000080000000,0x00000000809d6888,0x0000000084300000)
 Metaspace       used 20850K, committed 21504K, reserved 1114112K
  class space    used 1995K, committed 2304K, reserved 1048576K
}

Dll operation events (9 events):
Event: 0.039 Loaded shared library c:\Users\sraja\.antigravity\extensions\redhat.java-1.52.0-win32-x64\jre\21.0.9-win32-x86_64\bin\java.dll
Event: 0.127 Loaded shared library c:\Users\sraja\.antigravity\extensions\redhat.java-1.52.0-win32-x64\jre\21.0.9-win32-x86_64\bin\zip.dll
Event: 0.154 Loaded shared library C:\Users\sraja\.antigravity\extensions\redhat.java-1.52.0-win32-x64\jre\21.0.9-win32-x86_64\bin\instrument.dll
Event: 0.161 Loaded shared library C:\Users\sraja\.antigravity\extensions\redhat.java-1.52.0-win32-x64\jre\21.0.9-win32-x86_64\bin\net.dll
Event: 0.164 Loaded shared library C:\Users\sraja\.antigravity\extensions\redhat.java-1.52.0-win32-x64\jre\21.0.9-win32-x86_64\bin\nio.dll
Event: 0.169 Loaded shared library C:\Users\sraja\.antigravity\extensions\redhat.java-1.52.0-win32-x64\jre\21.0.9-win32-x86_64\bin\zip.dll
Event: 0.200 Loaded shared library C:\Users\sraja\.antigravity\extensions\redhat.java-1.52.0-win32-x64\jre\21.0.9-win32-x86_64\bin\jimage.dll
Event: 0.293 Loaded shared library c:\Users\sraja\.antigravity\extensions\redhat.java-1.52.0-win32-x64\jre\21.0.9-win32-x86_64\bin\verify.dll
Event: 1.856 Loaded shared library C:\Users\sraja\AppData\Roaming\Antigravity\User\globalStorage\redhat.java\1.52.0\config_ss_win\org.eclipse.equinox.launcher\org.eclipse.equinox.launcher.win32.win32.x86_64_1.2.1500.v20260121-1430\eclipse_11919.dll

Deoptimization events (20 events):
Event: 9.749 Thread 0x000001a3dba76710 Uncommon trap: trap_request=0xffffffc6 fr.pc=0x000001a38d8b8620 relative=0x00000000000009a0
Event: 9.749 Thread 0x000001a3dba76710 Uncommon trap: reason=bimorphic_or_optimized_type_check action=maybe_recompile pc=0x000001a38d8b8620 method=java.util.HashMap.putVal(ILjava/lang/Object;Ljava/lang/Object;ZZ)Ljava/lang/Object; @ 56 c2
Event: 9.749 Thread 0x000001a3dba76710 DEOPT PACKING pc=0x000001a38d8b8620 sp=0x0000006ac69fdff0
Event: 9.749 Thread 0x000001a3dba76710 DEOPT UNPACKING pc=0x000001a38d083aa2 sp=0x0000006ac69fdef0 mode 2
Event: 9.749 Thread 0x000001a3dba76710 Uncommon trap: trap_request=0xffffffc6 fr.pc=0x000001a38d8b8620 relative=0x00000000000009a0
Event: 9.749 Thread 0x000001a3dba76710 Uncommon trap: reason=bimorphic_or_optimized_type_check action=maybe_recompile pc=0x000001a38d8b8620 method=java.util.HashMap.putVal(ILjava/lang/Object;Ljava/lang/Object;ZZ)Ljava/lang/Object; @ 56 c2
Event: 9.749 Thread 0x000001a3dba76710 DEOPT PACKING pc=0x000001a38d8b8620 sp=0x0000006ac69fdff0
Event: 9.749 Thread 0x000001a3dba76710 DEOPT UNPACKING pc=0x000001a38d083aa2 sp=0x0000006ac69fdef0 mode 2
Event: 9.749 Thread 0x000001a3dba76710 Uncommon trap: trap_request=0xffffffc6 fr.pc=0x000001a38d8b8620 relative=0x00000000000009a0
Event: 9.749 Thread 0x000001a3dba76710 Uncommon trap: reason=bimorphic_or_optimized_type_check action=maybe_recompile pc=0x000001a38d8b8620 method=java.util.HashMap.putVal(ILjava/lang/Object;Ljava/lang/Object;ZZ)Ljava/lang/Object; @ 56 c2
Event: 9.749 Thread 0x000001a3dba76710 DEOPT PACKING pc=0x000001a38d8b8620 sp=0x0000006ac69fdff0
Event: 9.749 Thread 0x000001a3dba76710 DEOPT UNPACKING pc=0x000001a38d083aa2 sp=0x0000006ac69fdef0 mode 2
Event: 9.749 Thread 0x000001a3dba76710 Uncommon trap: trap_request=0xffffffc6 fr.pc=0x000001a38d8b8620 relative=0x00000000000009a0
Event: 9.749 Thread 0x000001a3dba76710 Uncommon trap: reason=bimorphic_or_optimized_type_check action=maybe_recompile pc=0x000001a38d8b8620 method=java.util.HashMap.putVal(ILjava/lang/Object;Ljava/lang/Object;ZZ)Ljava/lang/Object; @ 56 c2
Event: 9.749 Thread 0x000001a3dba76710 DEOPT PACKING pc=0x000001a38d8b8620 sp=0x0000006ac69fdff0
Event: 9.749 Thread 0x000001a3dba76710 DEOPT UNPACKING pc=0x000001a38d083aa2 sp=0x0000006ac69fdef0 mode 2
Event: 9.774 Thread 0x000001a3dba76710 Uncommon trap: trap_request=0xffffff45 fr.pc=0x000001a38d8ca9b8 relative=0x00000000000009b8
Event: 9.774 Thread 0x000001a3dba76710 Uncommon trap: reason=unstable_if action=reinterpret pc=0x000001a38d8ca9b8 method=java.util.regex.Pattern$BmpCharPropertyGreedy.match(Ljava/util/regex/Matcher;ILjava/lang/CharSequence;)Z @ 12 c2
Event: 9.774 Thread 0x000001a3dba76710 DEOPT PACKING pc=0x000001a38d8ca9b8 sp=0x0000006ac69fdba0
Event: 9.774 Thread 0x000001a3dba76710 DEOPT UNPACKING pc=0x000001a38d083aa2 sp=0x0000006ac69fda68 mode 2

Classes loaded (20 events):
Event: 9.830 Loading class sun/security/provider/SeedGenerator$1
Event: 9.830 Loading class sun/security/provider/SeedGenerator$1 done
Event: 9.844 Loading class java/net/NetworkInterface$1
Event: 9.844 Loading class java/net/NetworkInterface$1 done
Event: 9.845 Loading class java/nio/file/Files$AcceptAllFilter
Event: 9.845 Loading class java/nio/file/DirectoryStream$Filter
Event: 9.845 Loading class java/nio/file/DirectoryStream$Filter done
Event: 9.845 Loading class java/nio/file/Files$AcceptAllFilter done
Event: 9.845 Loading class sun/nio/fs/WindowsDirectoryStream
Event: 9.845 Loading class java/nio/file/DirectoryStream
Event: 9.845 Loading class java/nio/file/DirectoryStream done
Event: 9.845 Loading class sun/nio/fs/WindowsDirectoryStream done
Event: 9.848 Loading class sun/nio/fs/WindowsDirectoryStream$WindowsDirectoryIterator
Event: 9.848 Loading class sun/nio/fs/WindowsDirectoryStream$WindowsDirectoryIterator done
Event: 9.850 Loading class sun/nio/fs/WindowsPath$WindowsPathWithAttributes
Event: 9.850 Loading class sun/nio/fs/BasicFileAttributesHolder
Event: 9.850 Loading class sun/nio/fs/BasicFileAttributesHolder done
Event: 9.850 Loading class sun/nio/fs/WindowsPath$WindowsPathWithAttributes done
Event: 9.884 Loading class sun/security/provider/AbstractDrbg$NonceProvider
Event: 9.884 Loading class sun/security/provider/AbstractDrbg$NonceProvider done

Classes unloaded (7 events):
Event: 9.627 Thread 0x000001a382971c80 Unloading class 0x000001a39b190c00 'java/lang/invoke/LambdaForm$MH+0x000001a39b190c00'
Event: 9.627 Thread 0x000001a382971c80 Unloading class 0x000001a39b190800 'java/lang/invoke/LambdaForm$MH+0x000001a39b190800'
Event: 9.627 Thread 0x000001a382971c80 Unloading class 0x000001a39b190400 'java/lang/invoke/LambdaForm$MH+0x000001a39b190400'
Event: 9.627 Thread 0x000001a382971c80 Unloading class 0x000001a39b190000 'java/lang/invoke/LambdaForm$MH+0x000001a39b190000'
Event: 9.627 Thread 0x000001a382971c80 Unloading class 0x000001a39b18fc00 'java/lang/invoke/LambdaForm$BMH+0x000001a39b18fc00'
Event: 9.627 Thread 0x000001a382971c80 Unloading class 0x000001a39b18f800 'java/lang/invoke/LambdaForm$DMH+0x000001a39b18f800'
Event: 9.627 Thread 0x000001a382971c80 Unloading class 0x000001a39b18e400 'java/lang/invoke/LambdaForm$DMH+0x000001a39b18e400'

Classes redefined (0 events):
No events

Internal exceptions (20 events):
Event: 4.120 Thread 0x000001a3dba76710 Exception <a 'java/lang/NoSuchMethodError'{0x00000000d605c070}: 'java.lang.Object java.lang.invoke.DirectMethodHandle$Holder.newInvokeSpecial(java.lang.Object, java.lang.Object, java.lang.Object, long)'> (0x00000000d605c070) 
thrown [s\src\hotspot\share\interpreter\linkResolver.cpp, line 773]
Event: 4.121 Thread 0x000001a3dba76710 Exception <a 'java/lang/NoSuchMethodError'{0x00000000d6060420}: 'java.lang.Object java.lang.invoke.DirectMethodHandle$Holder.invokeSpecial(java.lang.Object, java.lang.Object, java.lang.Object, java.lang.Object, long)'> (0x00000000d6060420) 
thrown [s\src\hotspot\share\interpreter\linkResolver.cpp, line 773]
Event: 4.121 Thread 0x000001a3dba76710 Exception <a 'java/lang/NoSuchMethodError'{0x00000000d6064040}: 'java.lang.Object java.lang.invoke.Invokers$Holder.linkToTargetMethod(java.lang.Object, java.lang.Object, long, java.lang.Object)'> (0x00000000d6064040) 
thrown [s\src\hotspot\share\interpreter\linkResolver.cpp, line 773]
Event: 4.153 Thread 0x000001a3dba76710 Exception <a 'java/lang/NoSuchMethodError'{0x00000000d60d1f68}: 'int java.lang.invoke.DirectMethodHandle$Holder.invokeStaticInit(java.lang.Object, java.lang.Object, java.lang.Object)'> (0x00000000d60d1f68) 
thrown [s\src\hotspot\share\interpreter\linkResolver.cpp, line 773]
Event: 4.170 Thread 0x000001a3dba76710 Exception <a 'java/lang/IncompatibleClassChangeError'{0x00000000d616e098}: Found class java.lang.Object, but interface was expected> (0x00000000d616e098) 
thrown [s\src\hotspot\share\interpreter\linkResolver.cpp, line 840]
Event: 4.171 Thread 0x000001a3dba76710 Exception <a 'java/lang/NoSuchMethodError'{0x00000000d6171c48}: 'java.lang.Object java.lang.invoke.DirectMethodHandle$Holder.invokeSpecial(java.lang.Object, java.lang.Object, java.lang.Object, int, java.lang.Object, java.lang.Object)'> (0x00000000d6171c48) 
thrown [s\src\hotspot\share\interpreter\linkResolver.cpp, line 773]
Event: 4.172 Thread 0x000001a3dba76710 Exception <a 'java/lang/NoSuchMethodError'{0x00000000d6179720}: 'java.lang.Object java.lang.invoke.DirectMethodHandle$Holder.newInvokeSpecial(java.lang.Object, java.lang.Object, java.lang.Object, int, java.lang.Object)'> (0x00000000d6179720) 
thrown [s\src\hotspot\share\interpreter\linkResolver.cpp, line 773]
Event: 4.172 Thread 0x000001a3dba76710 Exception <a 'java/lang/NoSuchMethodError'{0x00000000d617d6a0}: 'java.lang.Object java.lang.invoke.DirectMethodHandle$Holder.invokeSpecial(java.lang.Object, java.lang.Object, java.lang.Object, java.lang.Object, int, java.lang.Object)'> (0x00000000d617d6a0) 
thrown [s\src\hotspot\share\interpreter\linkResolver.cpp, line 773]
Event: 4.173 Thread 0x000001a3dba76710 Exception <a 'java/lang/NoSuchMethodError'{0x00000000d61811e0}: 'java.lang.Object java.lang.invoke.Invokers$Holder.linkToTargetMethod(java.lang.Object, java.lang.Object, int, java.lang.Object, java.lang.Object)'> (0x00000000d61811e0) 
thrown [s\src\hotspot\share\interpreter\linkResolver.cpp, line 773]
Event: 4.174 Thread 0x000001a3dba75360 Exception <a 'java/lang/NoSuchMethodError'{0x00000000d6095440}: 'java.lang.Object java.lang.invoke.DirectMethodHandle$Holder.invokeSpecial(java.lang.Object, java.lang.Object, int, java.lang.Object, java.lang.Object)'> (0x00000000d6095440) 
thrown [s\src\hotspot\share\interpreter\linkResolver.cpp, line 773]
Event: 4.175 Thread 0x000001a3dba75360 Exception <a 'java/lang/NoSuchMethodError'{0x00000000d609c178}: 'java.lang.Object java.lang.invoke.DirectMethodHandle$Holder.newInvokeSpecial(java.lang.Object, java.lang.Object, int, java.lang.Object)'> (0x00000000d609c178) 
thrown [s\src\hotspot\share\interpreter\linkResolver.cpp, line 773]
Event: 4.176 Thread 0x000001a3dba75360 Exception <a 'java/lang/NoSuchMethodError'{0x00000000d609fa58}: 'java.lang.Object java.lang.invoke.DirectMethodHandle$Holder.invokeSpecial(java.lang.Object, java.lang.Object, java.lang.Object, int, java.lang.Object)'> (0x00000000d609fa58) 
thrown [s\src\hotspot\share\interpreter\linkResolver.cpp, line 773]
Event: 4.217 Thread 0x000001a3dba76710 Exception <a 'java/lang/NoSuchMethodError'{0x00000000d62c61c0}: 'void java.lang.invoke.DirectMethodHandle$Holder.invokeSpecial(java.lang.Object, java.lang.Object, java.lang.Object, java.lang.Object, java.lang.Object)'> (0x00000000d62c61c0) 
thrown [s\src\hotspot\share\interpreter\linkResolver.cpp, line 773]
Event: 4.276 Thread 0x000001a3dba76710 Exception <a 'java/lang/NoSuchMethodError'{0x00000000d64dce28}: 'double java.lang.invoke.DirectMethodHandle$Holder.invokeStatic(java.lang.Object, java.lang.Object)'> (0x00000000d64dce28) 
thrown [s\src\hotspot\share\interpreter\linkResolver.cpp, line 773]
Event: 4.277 Thread 0x000001a3dba76710 Exception <a 'java/lang/NoSuchMethodError'{0x00000000d64e04e8}: 'double java.lang.invoke.DirectMethodHandle$Holder.invokeStaticInit(java.lang.Object, java.lang.Object)'> (0x00000000d64e04e8) 
thrown [s\src\hotspot\share\interpreter\linkResolver.cpp, line 773]
Event: 8.020 Thread 0x000001a3dba76710 Implicit null exception at 0x000001a38d89bb75 to 0x000001a38d89bc50
Event: 9.712 Thread 0x000001a3dba76710 Exception <a 'java/lang/NoSuchMethodError'{0x00000000d5804140}: 'java.lang.Object java.lang.invoke.DirectMethodHandle$Holder.newInvokeSpecial(java.lang.Object, int, java.lang.Object, java.lang.Object)'> (0x00000000d5804140) 
thrown [s\src\hotspot\share\interpreter\linkResolver.cpp, line 773]
Event: 9.765 Thread 0x000001a3dba76710 Exception <a 'sun/nio/fs/WindowsException'{0x00000000d5a16698}> (0x00000000d5a16698) 
thrown [s\src\hotspot\share\prims\jni.cpp, line 520]
Event: 9.820 Thread 0x000001a3dba76710 Exception <a 'java/lang/NoSuchMethodError'{0x00000000d5be2c18}: 'java.lang.Object java.lang.invoke.DirectMethodHandle$Holder.invokeStaticInit(java.lang.Object, int, int, int, int)'> (0x00000000d5be2c18) 
thrown [s\src\hotspot\share\interpreter\linkResolver.cpp, line 773]
Event: 9.882 Thread 0x000001a3dba76710 Exception <a 'java/lang/NoSuchMethodError'{0x00000000d5ca9fc0}: 'java.lang.Object java.lang.invoke.DirectMethodHandle$Holder.invokeStaticInit(java.lang.Object, java.lang.Object, int, int, int, int)'> (0x00000000d5ca9fc0) 
thrown [s\src\hotspot\share\interpreter\linkResolver.cpp, line 773]

ZGC Phase Switch (0 events):
No events

VM Operations (20 events):
Event: 3.962 Executing VM operation: HandshakeAllThreads (Deoptimize)
Event: 3.962 Executing VM operation: HandshakeAllThreads (Deoptimize) done
Event: 4.402 Executing VM operation: ParallelGCFailedAllocation (Allocation Failure)
Event: 4.407 Executing VM operation: ParallelGCFailedAllocation (Allocation Failure) done
Event: 5.408 Executing VM operation: Cleanup
Event: 5.408 Executing VM operation: Cleanup done
Event: 6.414 Executing VM operation: Cleanup
Event: 6.414 Executing VM operation: Cleanup done
Event: 7.423 Executing VM operation: Cleanup
Event: 7.423 Executing VM operation: Cleanup done
Event: 8.438 Executing VM operation: Cleanup
Event: 8.438 Executing VM operation: Cleanup done
Event: 8.840 Executing VM operation: ParallelGCFailedAllocation (Allocation Failure)
Event: 8.843 Executing VM operation: ParallelGCFailedAllocation (Allocation Failure) done
Event: 9.619 Executing VM operation: CollectForMetadataAllocation (Metadata GC Threshold)
Event: 9.644 Executing VM operation: CollectForMetadataAllocation (Metadata GC Threshold) done
Event: 9.749 Executing VM operation: HandshakeAllThreads (Deoptimize)
Event: 9.749 Executing VM operation: HandshakeAllThreads (Deoptimize) done
Event: 10.755 Executing VM operation: Cleanup
Event: 10.755 Executing VM operation: Cleanup done

Memory protections (0 events):
No events

Nmethod flushes (0 events):
No events

Events (20 events):
Event: 2.379 Thread 0x000001a3e22e8680 Thread exited: 0x000001a3e22e8680
Event: 2.379 Thread 0x000001a3e2335c30 Thread exited: 0x000001a3e2335c30
Event: 3.060 Thread 0x000001a3dba76710 Thread added: 0x000001a3dba73fb0
Event: 3.936 Thread 0x000001a3dbaa4950 Thread added: 0x000001a3e25b10c0
Event: 4.140 Thread 0x000001a3dba76710 Thread added: 0x000001a3dba75360
Event: 4.175 Thread 0x000001a3dba76710 Thread added: 0x000001a3e2566290
Event: 5.003 Thread 0x000001a3e25b10c0 Thread exited: 0x000001a3e25b10c0
Event: 5.003 Thread 0x000001a3dbaa4950 Thread exited: 0x000001a3dbaa4950
Event: 6.407 Thread 0x000001a3dba9f0e0 Thread exited: 0x000001a3dba9f0e0
Event: 6.407 Thread 0x000001a3db89da20 Thread exited: 0x000001a3db89da20
Event: 8.596 Thread 0x000001a3db816280 Thread added: 0x000001a3db9c4980
Event: 8.596 Thread 0x000001a3db816280 Thread added: 0x000001a3e3a89c80
Event: 8.899 Thread 0x000001a3e3a89c80 Thread exited: 0x000001a3e3a89c80
Event: 8.899 Thread 0x000001a3db9c4980 Thread exited: 0x000001a3db9c4980
Event: 9.428 Thread 0x000001a3db819df0 Thread added: 0x000001a3e2aa5e50
Event: 9.428 Thread 0x000001a3db819df0 Thread added: 0x000001a3e3a89c80
Event: 9.428 Thread 0x000001a3db819df0 Thread added: 0x000001a3dd223f30
Event: 9.674 Thread 0x000001a3dba76710 Thread added: 0x000001a3e25689f0
Event: 9.798 Thread 0x000001a3e25689f0 Thread exited: 0x000001a3e25689f0
Event: 10.623 Thread 0x000001a3dd223f30 Thread exited: 0x000001a3dd223f30


Dynamic libraries:
0x00007ff6090e0000 - 0x00007ff6090ee000 	c:\Users\sraja\.antigravity\extensions\redhat.java-1.52.0-win32-x64\jre\21.0.9-win32-x86_64\bin\java.exe
0x00007ffa9dd20000 - 0x00007ffa9df87000 	C:\WINDOWS\SYSTEM32\ntdll.dll
0x00007ffa9c6a0000 - 0x00007ffa9c769000 	C:\WINDOWS\System32\KERNEL32.DLL
0x00007ffa9b420000 - 0x00007ffa9b80f000 	C:\WINDOWS\System32\KERNELBASE.dll
0x00007ffa9b060000 - 0x00007ffa9b1ab000 	C:\WINDOWS\System32\ucrtbase.dll
0x00007ffa8da90000 - 0x00007ffa8daae000 	c:\Users\sraja\.antigravity\extensions\redhat.java-1.52.0-win32-x64\jre\21.0.9-win32-x86_64\bin\VCRUNTIME140.dll
0x00007ffa8dce0000 - 0x00007ffa8dcf8000 	c:\Users\sraja\.antigravity\extensions\redhat.java-1.52.0-win32-x64\jre\21.0.9-win32-x86_64\bin\jli.dll
0x00007ffa9c770000 - 0x00007ffa9c935000 	C:\WINDOWS\System32\USER32.dll
0x00007ffa9b3f0000 - 0x00007ffa9b417000 	C:\WINDOWS\System32\win32u.dll
0x00007ffa7e970000 - 0x00007ffa7ec03000 	C:\WINDOWS\WinSxS\amd64_microsoft.windows.common-controls_6595b64144ccf1df_6.0.26100.7309_none_3e05feeae336a044\COMCTL32.dll
0x00007ffa9be60000 - 0x00007ffa9be8b000 	C:\WINDOWS\System32\GDI32.dll
0x00007ffa9ce90000 - 0x00007ffa9cf39000 	C:\WINDOWS\System32\msvcrt.dll
0x00007ffa9b820000 - 0x00007ffa9b94c000 	C:\WINDOWS\System32\gdi32full.dll
0x00007ffa9afb0000 - 0x00007ffa9b053000 	C:\WINDOWS\System32\msvcp_win.dll
0x00007ffa9be20000 - 0x00007ffa9be51000 	C:\WINDOWS\System32\IMM32.DLL
0x00007ffa96090000 - 0x00007ffa9609c000 	c:\Users\sraja\.antigravity\extensions\redhat.java-1.52.0-win32-x64\jre\21.0.9-win32-x86_64\bin\vcruntime140_1.dll
0x00007ffa57d90000 - 0x00007ffa57e1d000 	c:\Users\sraja\.antigravity\extensions\redhat.java-1.52.0-win32-x64\jre\21.0.9-win32-x86_64\bin\msvcp140.dll
0x00007ffa1c980000 - 0x00007ffa1d720000 	c:\Users\sraja\.antigravity\extensions\redhat.java-1.52.0-win32-x64\jre\21.0.9-win32-x86_64\bin\server\jvm.dll
0x00007ffa9cf40000 - 0x00007ffa9cff4000 	C:\WINDOWS\System32\ADVAPI32.dll
0x00007ffa9be90000 - 0x00007ffa9bf36000 	C:\WINDOWS\System32\sechost.dll
0x00007ffa9cd70000 - 0x00007ffa9ce88000 	C:\WINDOWS\System32\RPCRT4.dll
0x00007ffa9d440000 - 0x00007ffa9d4b4000 	C:\WINDOWS\System32\WS2_32.dll
0x00007ffa8bef0000 - 0x00007ffa8bf25000 	C:\WINDOWS\SYSTEM32\WINMM.dll
0x00007ffa94cf0000 - 0x00007ffa94cfb000 	C:\WINDOWS\SYSTEM32\VERSION.dll
0x00007ffa9acd0000 - 0x00007ffa9ad2e000 	C:\WINDOWS\SYSTEM32\POWRPROF.dll
0x00007ffa9acb0000 - 0x00007ffa9acc4000 	C:\WINDOWS\SYSTEM32\UMPDC.dll
0x00007ffa99c20000 - 0x00007ffa99c3b000 	C:\WINDOWS\SYSTEM32\kernel.appcore.dll
0x00007ffa8eb10000 - 0x00007ffa8eb1a000 	c:\Users\sraja\.antigravity\extensions\redhat.java-1.52.0-win32-x64\jre\21.0.9-win32-x86_64\bin\jimage.dll
0x00007ffa80c40000 - 0x00007ffa80e82000 	C:\WINDOWS\SYSTEM32\DBGHELP.DLL
0x00007ffa9d950000 - 0x00007ffa9dcd6000 	C:\WINDOWS\System32\combase.dll
0x00007ffa9d050000 - 0x00007ffa9d126000 	C:\WINDOWS\System32\OLEAUT32.dll
0x00007ffa61290000 - 0x00007ffa612cc000 	C:\WINDOWS\SYSTEM32\dbgcore.DLL
0x00007ffa9af00000 - 0x00007ffa9afa5000 	C:\WINDOWS\System32\bcryptPrimitives.dll
0x00007ffa91b50000 - 0x00007ffa91b5f000 	c:\Users\sraja\.antigravity\extensions\redhat.java-1.52.0-win32-x64\jre\21.0.9-win32-x86_64\bin\instrument.dll
0x00007ffa8c8b0000 - 0x00007ffa8c8d0000 	c:\Users\sraja\.antigravity\extensions\redhat.java-1.52.0-win32-x64\jre\21.0.9-win32-x86_64\bin\java.dll
0x00007ffa9bf40000 - 0x00007ffa9c693000 	C:\WINDOWS\System32\SHELL32.dll
0x00007ffa9b950000 - 0x00007ffa9baba000 	C:\WINDOWS\System32\wintypes.dll
0x00007ffa98a40000 - 0x00007ffa9929e000 	C:\WINDOWS\SYSTEM32\windows.storage.dll
0x00007ffa9bd20000 - 0x00007ffa9be15000 	C:\WINDOWS\System32\SHCORE.dll
0x00007ffa9c950000 - 0x00007ffa9c9b6000 	C:\WINDOWS\System32\shlwapi.dll
0x00007ffa9ad90000 - 0x00007ffa9adb9000 	C:\WINDOWS\SYSTEM32\profapi.dll
0x00007ffa868e0000 - 0x00007ffa868f8000 	c:\Users\sraja\.antigravity\extensions\redhat.java-1.52.0-win32-x64\jre\21.0.9-win32-x86_64\bin\zip.dll
0x00007ffa8e910000 - 0x00007ffa8e920000 	C:\Users\sraja\.antigravity\extensions\redhat.java-1.52.0-win32-x64\jre\21.0.9-win32-x86_64\bin\net.dll
0x00007ffa94bc0000 - 0x00007ffa94ce8000 	C:\WINDOWS\SYSTEM32\WINHTTP.dll
0x00007ffa9a190000 - 0x00007ffa9a1fb000 	C:\WINDOWS\system32\mswsock.dll
0x00007ffa84710000 - 0x00007ffa84726000 	C:\Users\sraja\.antigravity\extensions\redhat.java-1.52.0-win32-x64\jre\21.0.9-win32-x86_64\bin\nio.dll
0x00007ffa8e960000 - 0x00007ffa8e970000 	c:\Users\sraja\.antigravity\extensions\redhat.java-1.52.0-win32-x64\jre\21.0.9-win32-x86_64\bin\verify.dll
0x00007ffa5e240000 - 0x00007ffa5e285000 	C:\Users\sraja\AppData\Roaming\Antigravity\User\globalStorage\redhat.java\1.52.0\config_ss_win\org.eclipse.equinox.launcher\org.eclipse.equinox.launcher.win32.win32.x86_64_1.2.1500.v20260121-1430\eclipse_11919.dll
0x00007ffa9c9c0000 - 0x00007ffa9cb57000 	C:\WINDOWS\System32\ole32.dll
0x00007ffa9a460000 - 0x00007ffa9a47b000 	C:\WINDOWS\SYSTEM32\CRYPTSP.dll
0x00007ffa99b80000 - 0x00007ffa99bba000 	C:\WINDOWS\system32\rsaenh.dll
0x00007ffa9a240000 - 0x00007ffa9a26b000 	C:\WINDOWS\SYSTEM32\USERENV.dll
0x00007ffa9ad60000 - 0x00007ffa9ad8a000 	C:\WINDOWS\SYSTEM32\bcrypt.dll
0x00007ffa9a450000 - 0x00007ffa9a45c000 	C:\WINDOWS\SYSTEM32\CRYPTBASE.dll
0x00007ffa995f0000 - 0x00007ffa99624000 	C:\WINDOWS\SYSTEM32\IPHLPAPI.DLL
0x00007ffa9d310000 - 0x00007ffa9d31a000 	C:\WINDOWS\System32\NSI.dll

JVMTI agents:
c:\Users\sraja\.antigravity\extensions\redhat.java-1.52.0-win32-x64\lombok\lombok-1.18.39-4050.jar path:c:\Users\sraja\.antigravity\extensions\redhat.java-1.52.0-win32-x64\jre\21.0.9-win32-x86_64\bin\instrument.dll, loaded, initialized, instrumentlib options:none

dbghelp: loaded successfully - version: 4.0.5 - missing functions: none
symbol engine: initialized successfully - sym options: 0x614 - pdb path: .;c:\Users\sraja\.antigravity\extensions\redhat.java-1.52.0-win32-x64\jre\21.0.9-win32-x86_64\bin;C:\WINDOWS\SYSTEM32;C:\WINDOWS\WinSxS\amd64_microsoft.windows.common-controls_6595b64144ccf1df_6.0.26100.7309_none_3e05feeae336a044;c:\Users\sraja\.antigravity\extensions\redhat.java-1.52.0-win32-x64\jre\21.0.9-win32-x86_64\bin\server;C:\Users\sraja\AppData\Roaming\Antigravity\User\globalStorage\redhat.java\1.52.0\config_ss_win\org.eclipse.equinox.launcher\org.eclipse.equinox.launcher.win32.win32.x86_64_1.2.1500.v20260121-1430

VM Arguments:
jvm_args: --add-modules=ALL-SYSTEM --add-opens=java.base/java.util=ALL-UNNAMED --add-opens=java.base/java.lang=ALL-UNNAMED --add-opens=java.base/sun.nio.fs=ALL-UNNAMED -Declipse.application=org.eclipse.jdt.ls.core.id1 -Dosgi.bundles.defaultStartLevel=4 -Declipse.product=org.eclipse.jdt.ls.core.product -Djava.import.generatesMetadataFilesAtProjectRoot=false -DDetectVMInstallationsJob.disabled=true -Dfile.encoding=utf8 -XX:+UseParallelGC -XX:GCTimeRatio=4 -XX:AdaptiveSizePolicyWeight=90 -Dsun.zip.disableMemoryMapping=true -Xmx2G -Xms100m -Xlog:disable -javaagent:c:\Users\sraja\.antigravity\extensions\redhat.java-1.52.0-win32-x64\lombok\lombok-1.18.39-4050.jar 
java_command: c:\Users\sraja\.antigravity\extensions\redhat.java-1.52.0-win32-x64\server\plugins\org.eclipse.equinox.launcher_1.7.100.v20251111-0406.jar -configuration c:\Users\sraja\AppData\Roaming\Antigravity\User\globalStorage\redhat.java\1.52.0\config_ss_win -data c:\Users\sraja\AppData\Roaming\Antigravity\User\workspaceStorage\803df240fb9edc68640fd9de25a6e12c\redhat.java\ss_ws --pipe=\\.\pipe\lsp-c6eeb2d78ea75e2da8fc560786c288fa-sock
java_class_path (initial): c:\Users\sraja\.antigravity\extensions\redhat.java-1.52.0-win32-x64\server\plugins\org.eclipse.equinox.launcher_1.7.100.v20251111-0406.jar
Launcher Type: SUN_STANDARD

[Global flags]
    uintx AdaptiveSizePolicyWeight                 = 90                                        {product} {command line}
     intx CICompilerCount                          = 12                                        {product} {ergonomic}
    uintx GCTimeRatio                              = 4                                         {product} {command line}
   size_t InitialHeapSize                          = 104857600                                 {product} {command line}
   size_t MaxHeapSize                              = 2147483648                                {product} {command line}
   size_t MaxNewSize                               = 715653120                                 {product} {ergonomic}
   size_t MinHeapDeltaBytes                        = 524288                                    {product} {ergonomic}
   size_t MinHeapSize                              = 104857600                                 {product} {command line}
   size_t NewSize                                  = 34603008                                  {product} {ergonomic}
    uintx NonNMethodCodeHeapSize                   = 7602480                                {pd product} {ergonomic}
    uintx NonProfiledCodeHeapSize                  = 122027880                              {pd product} {ergonomic}
   size_t OldSize                                  = 70254592                                  {product} {ergonomic}
    uintx ProfiledCodeHeapSize                     = 122027880                              {pd product} {ergonomic}
    uintx ReservedCodeCacheSize                    = 251658240                              {pd product} {ergonomic}
     bool SegmentedCodeCache                       = true                                      {product} {ergonomic}
   size_t SoftMaxHeapSize                          = 2147483648                             {manageable} {ergonomic}
     bool UseCompressedOops                        = true                           {product lp64_product} {ergonomic}
     bool UseLargePagesIndividualAllocation        = false                                  {pd product} {ergonomic}
     bool UseParallelGC                            = true                                      {product} {command line}

Logging:
Log output configuration:
 #0: stdout all=off uptime,level,tags foldmultilines=false
 #1: stderr all=off uptime,level,tags foldmultilines=false

Release file:
JAVA_VERSION="21.0.9" 
MODULES="java.base java.compiler java.datatransfer java.xml java.prefs java.desktop java.instrument java.logging java.management java.security.sasl java.naming java.rmi java.management.rmi java.net.http java.scripting java.security.jgss java.transaction.xa java.sql java.sql.rowset java.xml.crypto java.se java.smartcardio jdk.accessibility jdk.internal.jvmstat jdk.attach jdk.charsets jdk.internal.opt jdk.zipfs jdk.compiler jdk.crypto.ec jdk.crypto.cryptoki jdk.crypto.mscapi jdk.dynalink jdk.internal.ed jdk.editpad jdk.hotspot.agent jdk.httpserver jdk.internal.le jdk.internal.vm.ci jdk.internal.vm.compiler jdk.internal.vm.compiler.management jdk.jartool jdk.javadoc jdk.jcmd jdk.management jdk.management.agent jdk.jconsole jdk.jdeps jdk.jdwp.agent jdk.jdi jdk.jfr jdk.jshell jdk.jsobject jdk.jstatd jdk.localedata jdk.management.jfr jdk.naming.dns jdk.naming.rmi jdk.net jdk.nio.mapmode jdk.random jdk.sctp jdk.security.auth jdk.security.jgss jdk.unsupported jdk.unsupported.desktop jdk.xml.dom" 

Environment Variables:
JAVA_HOME=C:\Program Files\Microsoft\jdk-17.0.17.10-hotspot\
PATH=C:\Program Files\Microsoft\jdk-17.0.17.10-hotspot\bin;C:\WINDOWS\system32;C:\WINDOWS;C:\WINDOWS\System32\Wbem;C:\WINDOWS\System32\WindowsPowerShell\v1.0\;C:\WINDOWS\System32\OpenSSH\;C:\Program Files\dotnet\;C:\Program Files\IBM\SPSS\Statistics\25\JRE\bin;C:\Program Files\nodejs\;C:\Program Files\Git\cmd;C:\Program Files\Docker\Docker\resources\bin;C:\Program Files\PowerShell\7-preview\preview;C:\Program Files\NVIDIA Corporation\NVIDIA App\NvDLISR;C:\Program Files (x86)\NVIDIA Corporation\PhysX\Common;C:\Program Files (x86)\ASUS\ASUS Secure Auto-Backup\2.0.9.6\;C:\Users\sraja\AppData\Local\Microsoft\WindowsApps;C:\texlive\2024\bin\windows;C:\Users\sraja\AppData\Roaming\npm;C:\Users\sraja\.lmstudio\bin;C:\Users\sraja\AppData\Local\Programs\Microsoft VS Code\bin;C:\Users\sraja\.dotnet\tools;C:\Users\sraja\AppData\Local\Google\Cloud SDK\google-cloud-sdk\bin;C:\Users\sraja\AppData\Local\Programs\Antigravity\bin
USERNAME=Rajakumaran
OS=Windows_NT
PROCESSOR_IDENTIFIER=AMD64 Family 25 Model 68 Stepping 1, AuthenticAMD
TMP=C:\Users\sraja\AppData\Local\Temp
TEMP=C:\Users\sraja\AppData\Local\Temp




Periodic native trim disabled

---------------  S Y S T E M  ---------------

OS:
 Windows 11 , 64 bit Build 26100 (10.0.26100.7623)
OS uptime: 19 days 23:16 hours
Hyper-V role detected

CPU: total 16 (initial active 16) (16 cores per cpu, 2 threads per core) family 25 model 68 stepping 1 microcode 0xa404107, cx8, cmov, fxsr, ht, mmx, 3dnowpref, sse, sse2, sse3, ssse3, sse4a, sse4.1, sse4.2, popcnt, lzcnt, tsc, tscinvbit, avx, avx2, aes, erms, clmul, bmi1, bmi2, adx, sha, fma, vzeroupper, clflush, clflushopt, hv, rdtscp, rdpid, fsrm, f16c, cet_ss
Processor Information for the first 16 processors :
  Max Mhz: 3100, Current Mhz: 3100, Mhz Limit: 3100

Memory: 4k page, system-wide physical 16200M (967M free)
TotalPageFile size 65352M (AvailPageFile size 35M)
current process WorkingSet (physical memory assigned to process): 147M, peak: 158M
current process commit charge ("private bytes"): 298M, peak: 311M

vm_info: OpenJDK 64-Bit Server VM (21.0.9+10-LTS) for windows-amd64 JRE (21.0.9+10-LTS), built on 2025-10-21T00:00:00Z by "admin" with unknown MS VC++:1942

END.
