src/lib/firebase-admin.ts(28,55): error TS2345: Argument of type '{ type: string; project_id: string; private_key_id: string; private_key: string; client_email: string; client_id: string; auth_uri: string; token_uri: string; auth_provider_x509_cert_url: string; client_x509_cert_url: string; universe_domain: string; }' is not assignable to parameter of type 'string | ServiceAccount'.
